******************************************************************************
                  TI ARM Linker PC v15.12.3                    
******************************************************************************
>> Linked Wed Nov 09 00:10:35 2016

OUTPUT FILE NAME:   <lcdSmartRF06EB_CC2650F128.out>
ENTRY POINT SYMBOL: "ResetISR"  address: 00004e05


MEMORY CONFIGURATION

         name            origin    length      used     unused   attr    fill
----------------------  --------  ---------  --------  --------  ----  --------
  FLASH                 00000000   00020000  000065f0  00019a10  R  X
  SRAM                  20000000   00005000  00001c80  00003380  RW X


SEGMENT ALLOCATION MAP

run origin  load origin   length   init length attrs members
----------  ----------- ---------- ----------- ----- -------
00000000    00000000    0000003c   0000003c    r--
  00000000    00000000    0000003c   0000003c    r-- .resetVecs
00000100    00000100    0000656c   0000656c    r-x
  00000100    00000100    0000003c   0000003c    r-- .const:ti_sysbios_knl_Task_Object__PARAMS__C
  0000013c    0000013c    00000034   00000034    r-- .const:ti_sysbios_knl_Mailbox_Object__PARAMS__C
  00000170    00000170    00000030   00000030    r-- .const:ti_sysbios_family_arm_m3_Hwi_Object__PARAMS__C
  000001a0    000001a0    0000002c   0000002c    r-- .const:ti_sysbios_hal_Hwi_Object__PARAMS__C
  000001cc    000001cc    00000028   00000028    r-- .const:ti_sysbios_heaps_HeapMem_Module__FXNS__C
  000001f4    000001f4    00000028   00000028    r-- .const:ti_sysbios_knl_Swi_Object__PARAMS__C
  0000021c    0000021c    00000024   00000024    r-- .const:ti_sysbios_gates_GateHwi_Module__FXNS__C
  00000240    00000240    00000024   00000024    r-- .const:ti_sysbios_gates_GateMutex_Module__FXNS__C
  00000264    00000264    00000024   00000024    r-- .const:ti_sysbios_heaps_HeapMem_Object__PARAMS__C
  00000288    00000288    00000024   00000024    r-- .const:ti_sysbios_knl_Clock_Object__PARAMS__C
  000002ac    000002ac    00000024   00000024    r-- .const:ti_sysbios_knl_Semaphore_Object__PARAMS__C
  000002d0    000002d0    00000020   00000020    r-- .const:ti_sysbios_family_arm_m3_Hwi_Object__DESC__C
  000002f0    000002f0    00000020   00000020    r-- .const:ti_sysbios_gates_GateHwi_Object__DESC__C
  00000310    00000310    00000020   00000020    r-- .const:ti_sysbios_gates_GateMutex_Object__DESC__C
  00000330    00000330    00000020   00000020    r-- .const:ti_sysbios_hal_Hwi_Object__DESC__C
  00000350    00000350    00000020   00000020    r-- .const:ti_sysbios_heaps_HeapMem_Object__DESC__C
  00000370    00000370    00000020   00000020    r-- .const:ti_sysbios_knl_Clock_Object__DESC__C
  00000390    00000390    00000020   00000020    r-- .const:ti_sysbios_knl_Mailbox_Object__DESC__C
  000003b0    000003b0    00000020   00000020    r-- .const:ti_sysbios_knl_Queue_Object__DESC__C
  000003d0    000003d0    00000020   00000020    r-- .const:ti_sysbios_knl_Semaphore_Object__DESC__C
  000003f0    000003f0    00000020   00000020    r-- .const:ti_sysbios_knl_Swi_Object__DESC__C
  00000410    00000410    00000020   00000020    r-- .const:ti_sysbios_knl_Task_Object__DESC__C
  00000430    00000430    00000018   00000018    r-- .const:ti_sysbios_gates_GateHwi_Object__PARAMS__C
  00000448    00000448    00000018   00000018    r-- .const:ti_sysbios_gates_GateMutex_Object__PARAMS__C
  00000460    00000460    00000018   00000018    r-- .const:ti_sysbios_knl_Queue_Object__PARAMS__C
  00000478    00000478    00000008   00000008    r-- .const:ti_sysbios_knl_Idle_funcList__C
  00000484    00000484    00000004   00000004    r-- .const:ti_sysbios_family_arm_cc26xx_Timer_startupNeeded__C
  00000488    00000488    00000004   00000004    r-- .const:ti_sysbios_family_arm_m3_Hwi_E_alreadyDefined__C
  0000048c    0000048c    00000004   00000004    r-- .const:ti_sysbios_family_arm_m3_Hwi_E_hwiLimitExceeded__C
  00000490    00000490    00000004   00000004    r-- .const:ti_sysbios_family_arm_m3_Hwi_NUM_INTERRUPTS__C
  00000494    00000494    00000004   00000004    r-- .const:ti_sysbios_family_arm_m3_Hwi_Object__count__C
  00000498    00000498    00000004   00000004    r-- .const:ti_sysbios_family_arm_m3_Hwi_Object__table__C
  0000049c    0000049c    00000004   00000004    r-- .const:ti_sysbios_family_arm_m3_Hwi_ccr__C
  000004a0    000004a0    00000004   00000004    r-- .const:ti_sysbios_family_arm_m3_Hwi_excHandlerFunc__C
  000004a4    000004a4    00000004   00000004    r-- .const:ti_sysbios_family_arm_m3_Hwi_nullIsrFunc__C
  000004a8    000004a8    00000004   00000004    r-- .const:ti_sysbios_family_arm_m3_Hwi_numSparseInterrupts__C
  000004ac    000004ac    00000004   00000004    r-- .const:ti_sysbios_family_arm_m3_Hwi_priGroup__C
  000004b0    000004b0    00000004   00000004    r-- .const:ti_sysbios_family_arm_m3_TaskSupport_stackAlignment__C
  000004b4    000004b4    00000004   00000004    r-- .const:ti_sysbios_heaps_HeapMem_E_memory__C
  000004b8    000004b8    00000004   00000004    r-- .const:ti_sysbios_heaps_HeapMem_Module__gateObj__C
  000004bc    000004bc    00000004   00000004    r-- .const:ti_sysbios_heaps_HeapMem_Object__count__C
  000004c0    000004c0    00000004   00000004    r-- .const:ti_sysbios_heaps_HeapMem_Object__table__C
  000004c4    000004c4    00000004   00000004    r-- .const:ti_sysbios_heaps_HeapMem_reqAlign__C
  000004c8    000004c8    00000004   00000004    r-- .const:ti_sysbios_knl_Clock_serviceMargin__C
  000004cc    000004cc    00000004   00000004    r-- .const:ti_sysbios_knl_Mailbox_Object__count__C
  000004d0    000004d0    00000004   00000004    r-- .const:ti_sysbios_knl_Mailbox_Object__table__C
  000004d4    000004d4    00000004   00000004    r-- .const:ti_sysbios_knl_Queue_Object__count__C
  000004d8    000004d8    00000004   00000004    r-- .const:ti_sysbios_knl_Queue_Object__table__C
  000004dc    000004dc    00000004   00000004    r-- .const:ti_sysbios_knl_Swi_Object__count__C
  000004e0    000004e0    00000004   00000004    r-- .const:ti_sysbios_knl_Swi_Object__table__C
  000004e4    000004e4    00000004   00000004    r-- .const:ti_sysbios_knl_Swi_numPriorities__C
  000004e8    000004e8    00000004   00000004    r-- .const:ti_sysbios_knl_Task_Object__count__C
  000004ec    000004ec    00000004   00000004    r-- .const:ti_sysbios_knl_Task_Object__table__C
  000004f0    000004f0    00000004   00000004    r-- .const:ti_sysbios_knl_Task_allBlockedFunc__C
  000004f4    000004f4    00000004   00000004    r-- .const:ti_sysbios_knl_Task_defaultStackHeap__C
  000004f8    000004f8    00000004   00000004    r-- .const:ti_sysbios_knl_Task_defaultStackSize__C
  000004fc    000004fc    00000004   00000004    r-- .const:ti_sysbios_knl_Task_numConstructedTasks__C
  00000502    00000502    00000002   00000002    r-- .const:ti_sysbios_family_arm_cc26xx_Timer_Module__id__C
  00000504    00000504    00000002   00000002    r-- .const:ti_sysbios_family_arm_cc26xx_TimestampProvider_useClockTimer__C
  00000506    00000506    00000002   00000002    r-- .const:ti_sysbios_family_arm_m3_Hwi_Module__id__C
  00000508    00000508    00000002   00000002    r-- .const:ti_sysbios_gates_GateHwi_Module__id__C
  0000050a    0000050a    00000002   00000002    r-- .const:ti_sysbios_gates_GateMutex_Module__id__C
  0000050c    0000050c    00000002   00000002    r-- .const:ti_sysbios_heaps_HeapMem_Module__id__C
  0000050e    0000050e    00000002   00000002    r-- .const:ti_sysbios_knl_Task_initStackFlag__C
  00000510    00000510    00000001   00000001    r-- .const:ti_sysbios_knl_Clock_tickMode__C
  00000514    00000514    00000008   00000008    r-- .const:xdc_runtime_Startup_firstFxns__C
  0000051c    0000051c    00000008   00000008    r-- .const:xdc_runtime_Startup_lastFxns__C
  00000524    00000524    00000004   00000004    r-- .const:xdc_runtime_Assert_E_assertFailed__C
  00000528    00000528    00000004   00000004    r-- .const:xdc_runtime_Error_E_memory__C
  0000052c    0000052c    00000004   00000004    r-- .const:xdc_runtime_Error_policyFxn__C
  00000530    00000530    00000004   00000004    r-- .const:xdc_runtime_IGateProvider_Interface__BASE__C
  00000534    00000534    00000004   00000004    r-- .const:xdc_runtime_IHeap_Interface__BASE__C
  00000538    00000538    00000004   00000004    r-- .const:xdc_runtime_IModule_Interface__BASE__C
  0000053c    0000053c    00000004   00000004    r-- .const:xdc_runtime_Main_Module__diagsEnabled__C
  00000540    00000540    00000004   00000004    r-- .const:xdc_runtime_Main_Module__diagsIncluded__C
  00000544    00000544    00000004   00000004    r-- .const:xdc_runtime_Main_Module__diagsMask__C
  00000548    00000548    00000004   00000004    r-- .const:xdc_runtime_Memory_defaultHeapInstance__C
  0000054c    0000054c    00000004   00000004    r-- .const:xdc_runtime_Startup_execImpl__C
  00000550    00000550    00000004   00000004    r-- .const:xdc_runtime_Startup_maxPasses__C
  00000554    00000554    00000004   00000004    r-- .const:xdc_runtime_Startup_sfxnRts__C
  00000558    00000558    00000004   00000004    r-- .const:xdc_runtime_Startup_sfxnTab__C
  0000055c    0000055c    00000004   00000004    r-- .const:xdc_runtime_Startup_startModsFxn__C
  00000560    00000560    00000004   00000004    r-- .const:xdc_runtime_SysCallback_abortFxn__C
  00000564    00000564    00000004   00000004    r-- .const:xdc_runtime_SysCallback_exitFxn__C
  00000568    00000568    00000004   00000004    r-- .const:xdc_runtime_System_abortFxn__C
  0000056c    0000056c    00000004   00000004    r-- .const:xdc_runtime_System_exitFxn__C
  00000570    00000570    00000004   00000004    r-- .const:xdc_runtime_System_maxAtexitHandlers__C
  00000574    00000574    00000004   00000004    r-- .const:xdc_runtime_Text_charTab__C
  00000578    00000578    00000004   00000004    r-- .const:xdc_runtime_Text_nameEmpty__C
  0000057c    0000057c    00000004   00000004    r-- .const:xdc_runtime_Text_nameStatic__C
  00000580    00000580    00000004   00000004    r-- .const:xdc_runtime_Text_nameUnknown__C
  00000584    00000584    00000002   00000002    r-- .const:xdc_runtime_Main_Module__id__C
  00000586    00000586    00000002   00000002    r-- .const:xdc_runtime_Memory_Module__id__C
  00000588    00000588    00000002   00000002    r-- .const:xdc_runtime_Text_charCnt__C
  0000058a    0000058a    00000002   00000002    r-- .const:xdc_runtime_Text_isLoaded__C
  0000058c    0000058c    00000001   00000001    r-- .const:xdc_runtime_Error_policy__C
  00000590    00000590    00000004   00000004    r-- .const:ti_sysbios_rom_ROM_AONRTCChannelEnable
  00000594    00000594    00000004   00000004    r-- .const:ti_sysbios_rom_ROM_AONRTCCompareValueSet
  00000598    00000598    00000004   00000004    r-- .const:ti_sysbios_rom_ROM_AONRTCCurrentCompareValueGet
  0000059c    0000059c    00000004   00000004    r-- .const:ti_sysbios_rom_ROM_AONRTCEventClear
  000005a0    000005a0    00000004   00000004    r-- .const:ti_sysbios_rom_ROM_ti_sysbios_family_arm_cc26xx_Timer_getCount64__E
  000005a4    000005a4    00000004   00000004    r-- .const:ti_sysbios_rom_ROM_ti_sysbios_family_arm_cc26xx_Timer_getCurrentTick__E
  000005a8    000005a8    00000004   00000004    r-- .const:ti_sysbios_rom_ROM_ti_sysbios_family_arm_cc26xx_Timer_getMaxTicks__E
  000005ac    000005ac    00000004   00000004    r-- .const:ti_sysbios_rom_ROM_ti_sysbios_family_arm_cc26xx_Timer_initDevice__I
  000005b0    000005b0    00000004   00000004    r-- .const:ti_sysbios_rom_ROM_ti_sysbios_family_arm_cc26xx_Timer_setNextTick__E
  000005b4    000005b4    00000004   00000004    r-- .const:ti_sysbios_rom_ROM_ti_sysbios_family_arm_cc26xx_Timer_setThreshold__I
  000005b8    000005b8    00000004   00000004    r-- .const:ti_sysbios_rom_ROM_ti_sysbios_family_arm_cc26xx_Timer_start__E
  000005bc    000005bc    00000004   00000004    r-- .const:ti_sysbios_rom_ROM_ti_sysbios_family_arm_cc26xx_TimestampProvider_get32__E
  000005c0    000005c0    00000004   00000004    r-- .const:ti_sysbios_rom_ROM_xdc_runtime_Startup_getState__I
  000005c4    000005c4    00000004   00000004    r-- .const:ti_sysbios_rom_ROM_xdc_runtime_System_SupportProxy_abort__E
  000005c8    000005c8    00000004   00000004    r-- .const:ti_sysbios_rom_ROM_xdc_runtime_System_SupportProxy_exit__E
  000005cc    000005cc    00000004   00000004    r-- .const:ti_sysbios_gates_GateMutex_Instance_State_sem__O
  000005d0    000005d0    00000004   00000004    r-- .const:ti_sysbios_knl_Clock_Module_State_clockQ__O
  000005d4    000005d4    00000004   00000004    r-- .const:ti_sysbios_knl_Mailbox_Instance_State_dataQue__O
  000005d8    000005d8    00000004   00000004    r-- .const:ti_sysbios_knl_Mailbox_Instance_State_dataSem__O
  000005dc    000005dc    00000004   00000004    r-- .const:ti_sysbios_knl_Mailbox_Instance_State_freeQue__O
  000005e0    000005e0    00000004   00000004    r-- .const:ti_sysbios_knl_Mailbox_Instance_State_freeSem__O
  000005e4    000005e4    00000004   00000004    r-- .const:ti_sysbios_knl_Semaphore_Instance_State_pendQ__O
  000005e8    000005e8    00000004   00000004    r-- .const:ti_sysbios_knl_Task_Module_State_inactiveQ__O
  000005ec    000005ec    00005700   00005700    r-x .text
  00005cec    00005cec    000004a0   000004a0    r-- .const
  00006190    00006190    000004dc   000004dc    r-- .cinit
0001ffa8    0001ffa8    00000058   00000058    r--
  0001ffa8    0001ffa8    00000058   00000058    r-- .ccfg
20000000    20000000    000000dc   00000000    rw-
  20000000    20000000    000000dc   00000000    rw- .vecs
20000100    20000100    00000104   00000000    rw-
  20000100    20000100    00000044   00000000    rw- .data:ti_sysbios_knl_Task_Module__state__V
  20000144    20000144    00000034   00000000    rw- .data:ti_sysbios_family_arm_m3_Hwi_Module__state__V
  20000178    20000178    0000002c   00000000    rw- .data:ti_sysbios_knl_Clock_Module__state__V
  200001a4    200001a4    00000024   00000000    rw- .data:ti_sysbios_BIOS_Module__state__V
  200001c8    200001c8    0000001c   00000000    rw- .data:ti_sysbios_knl_Swi_Module__state__V
  200001e4    200001e4    00000008   00000000    rw- .data:ti_sysbios_family_arm_cc26xx_Timer_Module__state__V
  200001ec    200001ec    00000004   00000000    rw- .data:ti_sysbios_family_arm_cc26xx_TimestampProvider_Module__state__V
  200001f0    200001f0    00000008   00000000    rw- .data:xdc_runtime_Startup_Module__state__V
  200001f8    200001f8    00000008   00000000    rw- .data:xdc_runtime_System_Module__state__V
  20000200    20000200    00000004   00000000    rw- .data:xdc_runtime_Memory_Module__state__V
20000430    20000430    00000010   00000000    rw-
  20000430    20000430    00000010   00000000    rw- .TI.bound:dmaRxControlTableEntry0
20000440    20000440    00000010   00000000    rw-
  20000440    20000440    00000010   00000000    rw- .TI.bound:dmaTxControlTableEntry0
20000500    20000500    00000010   00000000    rw-
  20000500    20000500    00000010   00000000    rw- .TI.bound:dmaRxControlTableEntry1
20000510    20000510    00001776   00000000    rw-
  20000510    20000510    00000010   00000000    rw- .TI.bound:dmaTxControlTableEntry1
  20000520    20000520    00000c3a   00000000    rw- .data
  20001160    20001160    00000b26   00000000    rw- .bss
20004d00    20004d00    00000300   00000000    rw-
  20004d00    20004d00    00000300   00000000    rw- .stack


SECTION ALLOCATION MAP

 output                                  attributes/
section   page    origin      length       input sections
--------  ----  ----------  ----------   ----------------
.text      0    000005ec    00005700     
                  000005ec    000005ce     driverlib.lib : setup.obj (.text:HapiTrimDeviceShutDown)
                  00000bba    00000002     drivers_cc26xxware.aem3 : SPICC26XXDMA.oem3 (.text:SPICC26XXDMA_serviceISR)
                  00000bbc    00000538     sysbios.aem3 : mangled__BIOS_lib.obj (.text:ti_sysbios_family_arm_m3_Hwi_excHandlerMax__I)
                  000010f4    00000440                  : mangled__BIOS_lib.obj (.text:xdc_runtime_System_doPrint__I)
                  00001534    0000034c                  : mangled__BIOS_lib.obj (.text:ti_sysbios_family_arm_cc26xx_Power_auxISR__E)
                  00001880    00000324     rtsv7M3_T_le_eabi.lib : trgdrv.obj (.text)
                  00001ba4    000001f4                           : ull_div_t2.obj (.text)
                  00001d98    000001e0     lcdSmartRF06EB.obj (.text:lcdLowPriorityFxn)
                  00001f78    000001a4     drivers_cc26xxware.aem3 : PINCC26XX.oem3 (.text:PIN_init)
                  0000211c    00000194     sysbios.aem3 : mangled__BIOS_lib.obj (.text:xdc_runtime_Error_print__E)
                  000022b0    00000168                  : mangled__BIOS_lib.obj (.text:ti_sysbios_family_arm_m3_Hwi_excBusFault__I)
                  00002418    00000150     drivers_cc26xxware.aem3 : SPICC26XXDMA.oem3 (.text:SPICC26XXDMA_initIO)
                  00002568    00000148     sysbios.aem3 : mangled__BIOS_lib.obj (.text:ti_sysbios_family_arm_m3_Hwi_excUsageFault__I)
                  000026b0    00000134                  : mangled__BIOS_lib.obj (.text:ti_sysbios_family_arm_m3_Hwi_excMemFault__I)
                  000027e4    00000130                  : mangled__BIOS_lib.obj (.text:xdc_runtime_Text_putSite__E)
                  00002914    00000128     drivers_cc26xxware.aem3 : SPICC26XXDMA.oem3 (.text:SPICC26XXDMA_open)
                  00002a3c    00000108     sysbios.aem3 : mangled__BIOS_lib.obj (.text:ti_sysbios_family_arm_m3_Hwi_excFillContext__I)
                  00002b44    00000104                  : mangled__BIOS_lib.obj (.text:calibrateRcoscHf1$33)
                  00002c48    00000104     lcdSmartRF06EB.obj (.text:lcdHighPriorityFxn)
                  00002d4c    00000100     drivers_cc26xxware.aem3 : SPICC26XXDMA.oem3 (.text:SPICC26XXDMA_transferCancel)
                  00002e4c    000000fc                             : SPICC26XXDMA.oem3 (.text:SPICC26XXDMA_hwiFxn)
                  00002f48    000000fc     sysbios.aem3 : mangled__BIOS_lib.obj (.text:xdc_runtime_Text_putLab__E)
                  00003044    000000f8                  : mangled__BIOS_lib.obj (.text:ti_sysbios_family_arm_cc26xx_Power_startFirstMeasurement__E)
                  0000313c    000000f8     lcdSmartRF06EB_pem3.oem3 (.text:xdc_runtime_System_printfExtend__I)
                  00003234    000000ea     drivers_cc26xxware.aem3 : LCDDogm1286.oem3 (.text:LCD_writeLine)
                  0000331e    00000002     lcdSmartRF06EB_pem3.oem3 (.text:free)
                  00003320    000000d8     sysbios.aem3 : mangled__BIOS_lib.obj (.text:ti_sysbios_family_arm_cc26xx_Power_setDependency__E)
                  000033f8    000000d4                  : mangled__BIOS_lib.obj (.text:xdc_runtime_Error_policyDefault__E)
                  000034cc    000000d0     drivers_cc26xxware.aem3 : SPICC26XXDMA.oem3 (.text:SPICC26XXDMA_configDMA)
                  0000359c    000000d0     sysbios.aem3 : mangled__BIOS_lib.obj (.text:ti_sysbios_family_arm_cc26xx_Power_releaseDependency__E)
                  0000366c    000000cc     drivers_cc26xxware.aem3 : LCDDogm1286.oem3 (.text:LCD_doBufferPrintInt)
                  00003738    000000c4                             : LCDDogm1286.oem3 (.text:LCD_open)
                  000037fc    000000c0                             : SPICC26XXDMA.oem3 (.text:SPICC26XXDMA_transfer)
                  000038bc    000000b8                             : PINCC26XX.oem3 (.text:PINCC26XX_setIoCfg)
                  00003974    000000b4     driverlib.lib : setup.obj (.text:trimDevice)
                  00003a28    000000b0     sysbios.aem3 : mangled__BIOS_lib.obj (.text:ti_sysbios_family_arm_m3_Hwi_excHardFault__I)
                  00003ad8    000000b0                  : mangled__BIOS_lib.obj (.text:ti_sysbios_knl_Clock_workFuncDynamic__E)
                  00003b88    000000a8     drivers_cc26xxware.aem3 : LCDDogm1286.oem3 (.text:LCD_doBufferPrintString)
                  00003c30    000000a4     sysbios.aem3 : mangled__BIOS_lib.obj (.text:ti_sysbios_family_arm_cc26xx_Power_initiateCalibration__E)
                  00003cd4    000000a4                  : mangled__BIOS_lib.obj (.text:ti_sysbios_family_arm_m3_Hwi_excDebugMon__I)
                  00003d78    000000a0     auto_init.aem3 : auto_init.oem3 (.text)
                  00003e18    000000a0     lcdSmartRF06EB.obj (.text:main)
                  00003eb8    0000009c     rtsv7M3_T_le_eabi.lib : memcpy_t2.obj (.text)
                  00003f54    00000090     drivers_cc26xxware.aem3 : PINCC26XX.oem3 (.text:PIN_open)
                  00003fe4    00000090     sysbios.aem3 : mangled__BIOS_lib.obj (.text:xdc_runtime_SysMin_abort__E)
                  00004074    0000008c                  : mangled__BIOS_lib.obj (.text:ti_sysbios_family_arm_cc26xx_Power_LF_clockFunc__E)
                  00004100    0000008c                  : mangled__BIOS_lib.obj (.text:ti_sysbios_family_arm_cc26xx_Power_Module_startup__E)
                  0000418c    00000088                  : mangled__BIOS_lib.obj (.text:ti_sysbios_family_arm_cc26xx_Timer_start__E)
                  00004214    0000007c     driverlib.lib : chipinfo.obj (.text:ChipInfo_GetHwRevision)
                  00004290    0000007a     rtsv7M3_T_le_eabi.lib : memset_t2.obj (.text)
                  0000430a    00000002                           : i_div0.obj (.text)
                  0000430c    00000074     drivers_cc26xxware.aem3 : SPICC26XXDMA.oem3 (.text:SPICC26XXDMA_control)
                  00004380    00000072                             : LCDDogm1286.oem3 (.text:LCD_doUpdate)
                  000043f2    0000006e     driverlib.lib : osc.obj (.text:OSCHF_AttemptToSwitchToXosc)
                  00004460    0000006c     drivers_cc26xxware.aem3 : LCDDogm1286.oem3 (.text:LCD_initHw)
                  000044cc    0000006c                             : PINCC26XX.oem3 (.text:PIN_add)
                  00004538    0000006a     rtsv7M3_T_le_eabi.lib : copy_decompress_rle.obj (.text)
                  000045a2    00000002     lcdSmartRF06EB_pem3.oem3 (.text:ti_sysbios_BIOS_nullFunc__I)
                  000045a4    00000068     rtsv7M3_T_le_eabi.lib : trgmsg.obj (.text)
                  0000460c    00000060     drivers_cc26xxware.aem3 : SPICC26XXDMA.oem3 (.text:SPICC26XXDMA_initHw)
                  0000466c    00000060     lcdSmartRF06EB_pem3.oem3 (.text:ti_sysbios_family_arm_cc26xx_Power_XOSC_HF_clockFunc__E)
                  000046cc    00000060     sysbios.aem3 : mangled__BIOS_lib.obj (.text:ti_sysbios_family_arm_cc26xx_Timer_setNextTick__E)
                  0000472c    0000005e                  : mangled__BIOS_lib.obj (.text:xdc_runtime_HeapStd_alloc__E)
                  0000478a    0000005c     drivers_cc26xxware.aem3 : LCDDogm1286.oem3 (.text:LCD_bufferPrintStringAligned)
                  000047e6    00000002     sysbios.aem3 : mangled__BIOS_lib.obj (.text:ti_sysbios_family_arm_cc26xx_Power_defaultClockFunc__E)
                  000047e8    0000005c     drivers_cc26xxware.aem3 : PINCC26XX.oem3 (.text:PIN_remove)
                  00004844    0000005c     lcdSmartRF06EB_pem3.oem3 (.text:xdc_runtime_Startup_getState__I)
                  000048a0    00000058     driverlib.lib : osc.obj (.text:OSCHF_SwitchToRcOscTurnOffXosc)
                  000048f8    00000058     drivers_cc26xxware.aem3 : UDMACC26XX.oem3 (.text:UDMACC26XX_open)
                  00004950    00000058     sysbios.aem3 : mangled__BIOS_lib.obj (.text:ti_sysbios_family_arm_cc26xx_Power_notify__I)
                  000049a8    00000058     lcdSmartRF06EB_pem3.oem3 (.text:xdc_runtime_HeapStd_Object__create__S)
                  00004a00    00000056     driverlib.lib : ddi.obj (.text:NOROM_DDI16BitfieldWrite)
                  00004a56    00000002     sysbios.aem3 : mangled__BIOS_lib.obj (.text:ti_sysbios_family_arm_cc26xx_Power_defaultNotifyTrapFunc__E)
                  00004a58    00000054     rtsv7M3_T_le_eabi.lib : exit.obj (.text)
                  00004aac    00000052     driverlib.lib : osc.obj (.text:NOROM_OSCClockSourceSet)
                  00004afe    00000002     lcdSmartRF06EB_pem3.oem3 (.text:ti_sysbios_rom_cortexm_cc26xx_CC26xx_badRomRevision__E)
                  00004b00    00000050     drivers_cc26xxware.aem3 : LCDDogm1286.oem3 (.text:LCD_sendCommand)
                  00004b50    00000050                             : LCDDogm1286.oem3 (.text:LCD_sendData)
                  00004ba0    00000050     sysbios.aem3 : mangled__BIOS_lib.obj (.text:xdc_runtime_SysMin_exit__E)
                  00004bf0    0000004e     drivers_cc26xxware.aem3 : SPICC26XXDMA.oem3 (.text:SPICC26XXDMA_close)
                  00004c3e    00000002     sysbios.aem3 : mangled__BIOS_lib.obj (.text:xdc_runtime_SysCallback_defaultAbort)
                  00004c40    0000004c     drivers_cc26xxware.aem3 : PINCC26XX.oem3 (.text:PIN_Isr)
                  00004c8c    0000004c                             : LCDDogm1286_util.oem3 (.text:_itoa)
                  00004cd8    0000004c     rtsv7M3_T_le_eabi.lib : cpy_tbl.obj (.text)
                  00004d24    0000004c     sysbios.aem3 : mangled__BIOS_lib.obj (.text:xdc_runtime_HeapStd_Instance_init__E)
                  00004d70    0000004c                  : mangled__BIOS_lib.obj (.text:xdc_runtime_Text_xprintf__I)
                  00004dbc    00000048                  : mangled__BIOS_lib.obj (.text:ti_sysbios_family_arm_m3_Hwi_excReserved__I)
                  00004e04    00000044     boot.aem3 : boot.oem3 (.text)
                  00004e48    00000044     sysbios.aem3 : mangled__BIOS_lib.obj (.text:ti_sysbios_family_arm_cc26xx_Timer_initDevice__I)
                  00004e8c    00000044                  : mangled__BIOS_lib.obj (.text:xdc_runtime_SysMin_flush__E)
                  00004ed0    00000042     driverlib.lib : ddi.obj (.text:NOROM_DDI16BitfieldRead)
                  00004f12    00000040     rtsv7M3_T_le_eabi.lib : u_divt2.obj (.text)
                  00004f52    00000002     sysbios.aem3 : mangled__BIOS_lib.obj (.text:xdc_runtime_SysCallback_defaultExit)
                  00004f54    00000040     lcdSmartRF06EB_pem3.oem3 (.text:ti_sysbios_family_arm_cc26xx_Power_XOSC_HF)
                  00004f94    00000040     sysbios.aem3 : mangled__BIOS_lib.obj (.text:ti_sysbios_family_arm_cc26xx_Timer_getCurrentTick__E)
                  00004fd4    0000003e     drivers_cc26xxware.aem3 : LCDDogm1286.oem3 (.text:LCD_bufferClear)
                  00005012    0000003e     driverlib.lib : osc.obj (.text:NOROM_OSCInterfaceEnable)
                  00005050    0000003e     sysbios.aem3 : mangled__BIOS_lib.obj (.text:xdc_runtime_System_aprintf__E)
                  0000508e    0000003c     drivers_cc26xxware.aem3 : LCDDogm1286.oem3 (.text:LCD_doBufferClearPage)
                  000050ca    00000002     --HOLE-- [fill = 0]
                  000050cc    0000003c                             : LCDDogm1286.oem3 (.text:LCD_gotoXY)
                  00005108    0000003c                             : PINCC26XX.oem3 (.text:PINCC26XX_getConfig)
                  00005144    0000003c     sysbios.aem3 : mangled__BIOS_lib.obj (.text:ti_sysbios_family_arm_cc26xx_Power_releaseConstraint__E)
                  00005180    0000003c                  : mangled__BIOS_lib.obj (.text:ti_sysbios_family_arm_m3_Hwi_excSvCall__I)
                  000051bc    0000003c                  : mangled__BIOS_lib.obj (.text:xdc_runtime_System_printf__E)
                  000051f8    00000038     driverlib.lib : osc.obj (.text:OSCHF_TurnOnXosc)
                  00005230    00000038     drivers_cc26xxware.aem3 : PINCC26XX.oem3 (.text:PIN_setInterrupt)
                  00005268    00000038                             : PINCC26XX.oem3 (.text:PIN_setOutputValue)
                  000052a0    00000038                             : SPICC26XXDMA.oem3 (.text:SPICC26XXDMA_csnCallback)
                  000052d8    00000038     sysbios.aem3 : mangled__BIOS_lib.obj (.text:ti_sysbios_family_arm_cc26xx_Power_setConstraint__E)
                  00005310    00000038                  : mangled__BIOS_lib.obj (.text:ti_sysbios_family_arm_cc26xx_Timer_setThreshold__I)
                  00005348    00000038                  : mangled__BIOS_lib.obj (.text:ti_sysbios_family_arm_m3_Hwi_excNoIsr__I)
                  00005380    00000034     driverlib.lib : chipinfo.obj (.text:ChipInfo_GetChipFamily)
                  000053b4    00000034     drivers_cc26xxware.aem3 : PINCC26XX.oem3 (.text:PIN_setConfig)
                  000053e8    00000034     sysbios.aem3 : mangled__BIOS_lib.obj (.text:ti_sysbios_family_arm_m3_Hwi_excNmi__I)
                  0000541c    00000034                  : mangled__BIOS_lib.obj (.text:xdc_runtime_SysMin_putch__E)
                  00005450    00000033                  : mangled__BIOS_lib.obj (.text:xdc_runtime_Text_printVisFxn__I)
                  00005483    00000001     --HOLE-- [fill = 0]
                  00005484    00000030     lcdSmartRF06EB_pem3.oem3 (.text:ti_sysbios_BIOS_atExitFunc__I)
                  000054b4    00000030     sysbios.aem3 : mangled__BIOS_lib.obj (.text:ti_sysbios_family_arm_cc26xx_Power_registerNotify__E)
                  000054e4    0000002c     driverlib.lib : aon_batmon.obj (.text:AONBatMonTemperatureGetDegC)
                  00005510    0000002c     drivers_cc26xxware.aem3 : PINCC26XX.oem3 (.text:PINCC26XX_setMux)
                  0000553c    0000002a                             : UDMACC26XX.oem3 (.text:UDMACC26XX_close)
                  00005566    00000028                             : LCDDogm1286.oem3 (.text:LCD_sendArray)
                  0000558e    00000028     driverlib.lib : aon_rtc.obj (.text:NOROM_AONRTCCurrentCompareValueGet)
                  000055b6    00000002     --HOLE-- [fill = 0]
                  000055b8    00000028     lcdSmartRF06EB_pem3.oem3 (.text:ti_sysbios_family_arm_cc26xx_Power_isDependencyActive)
                  000055e0    00000028     sysbios.aem3 : mangled__BIOS_lib.obj (.text:ti_sysbios_family_arm_cc26xx_Timer_getMaxTicks__E)
                  00005608    00000026     driverlib.lib : osc.obj (.text:NOROM_OSCClockSourceGet)
                  0000562e    00000026     sysbios.aem3 : mangled__BIOS_lib.obj (.text:xdc_runtime_HeapStd_free__E)
                  00005654    00000024     lcdSmartRF06EB_pem3.oem3 (.text:ti_sysbios_BIOS_registerRTSLock__I)
                  00005678    00000024     lcdSmartRF06EB_pem3.oem3 (.text:ti_sysbios_BIOS_removeRTSLock__I)
                  0000569c    00000024     lcdSmartRF06EB_pem3.oem3 (.text:ti_sysbios_BIOS_startFunc__I)
                  000056c0    00000024     sysbios.aem3 : mangled__BIOS_lib.obj (.text:ti_sysbios_family_arm_cc26xx_Timer_dynamicStub__E)
                  000056e4    00000022     drivers_cc26xxware.aem3 : LCDDogm1286_util.oem3 (.text:LCD_getIntLength)
                  00005706    00000022     lcdSmartRF06EB_pem3.oem3 (.text:xdc_runtime_SysMin_output__I)
                  00005728    00000020     rtsv7M3_T_le_eabi.lib : memchr.obj (.text)
                  00005748    00000020     lcdSmartRF06EB_pem3.oem3 (.text:ti_sysbios_BIOS_rtsLock__I)
                  00005768    00000020     sysbios.aem3 : mangled__BIOS_lib.obj (.text:ti_sysbios_family_arm_cc26xx_TimestampProvider_get32__E)
                  00005788    00000020                  : mangled__BIOS_lib.obj (.text:xdc_runtime_SysMin_Module_startup__E)
                  000057a8    0000001e     drivers_cc26xxware.aem3 : PINCC26XX.oem3 (.text:PIN_close)
                  000057c6    0000001e     lcdSmartRF06EB_pem3.oem3 (.text:ti_sysbios_BIOS_errorRaiseHook__I)
                  000057e4    0000001c     drivers_cc26xxware.aem3 : LCDDogm1286.oem3 (.text:LCD_bufferPrintInt)
                  00005800    0000001c                             : LCDDogm1286.oem3 (.text:LCD_bufferPrintString)
                  0000581c    0000001c                             : PINCC26XX.oem3 (.text:PINCC26XX_setIoCfgMux)
                  00005838    0000001c                             : UDMACC26XX.oem3 (.text:UDMACC26XX_initHw)
                  00005854    0000001c     sysbios.aem3 : mangled__BIOS_lib.obj (.text:ti_sysbios_family_arm_cc26xx_Power_unregisterNotify__E)
                  00005870    0000001c     lcdSmartRF06EB_pem3.oem3 (.text:xdc_runtime_HeapStd_Object__delete__S)
                  0000588c    00000018     driverlib.lib : chipinfo.obj (.text:ChipInfo_GetPackageType)
                  000058a4    00000018     drivers_cc26xxware.aem3 : PINCC26XX.oem3 (.text:PIN_getConfig)
                  000058bc    00000018                             : SPI.oem3 (.text:SPI_open)
                  000058d4    00000018     lcdSmartRF06EB.obj (.text:gpioButtonFxn)
                  000058ec    00000018     rtsv7M3_T_le_eabi.lib : args_main.obj (.text)
                  00005904    00000018                           : ll_mul_t2.obj (.text)
                  0000591c    00000018     lcdSmartRF06EB_pem3.oem3 (.text:ti_sysbios_BIOS_rtsUnlock__I)
                  00005934    00000018     lcdSmartRF06EB_pem3.oem3 (.text:ti_sysbios_family_arm_cc26xx_Power_RFCORECLKS)
                  0000594c    00000018     sysbios.aem3 : mangled__BIOS_lib.obj (.text:ti_sysbios_family_arm_cc26xx_Timer_getCount64__E)
                  00005964    00000018     lcdSmartRF06EB_pem3.oem3 (.text:ti_sysbios_rom_cortexm_cc26xx_CC26xx_checkRevision__E)
                  0000597c    00000018     lcdSmartRF06EB_pem3.oem3 (.text:xdc_runtime_HeapStd_Handle__label__S)
                  00005994    00000016     rtsv7M3_T_le_eabi.lib : strcpy.obj (.text)
                  000059aa    00000016     lcdSmartRF06EB_pem3.oem3 (.text:ti_sysbios_BIOS_exitFunc__I)
                  000059c0    00000014     drivers_cc26xxware.aem3 : LCDDogm1286.oem3 (.text:LCD_Params_init)
                  000059d4    00000014                             : PINCC26XX.oem3 (.text:PINCC26XX_getOutputValue)
                  000059e8    00000014                             : SPICC26XXDMA.oem3 (.text:SPICC26XXDMA_init)
                  000059fc    00000014                             : SPI.oem3 (.text:SPI_Params_init)
                  00005a10    00000014     driverlib.lib : chipinfo.obj (.text:ThisCodeIsBuiltForCC26xxHwRev22AndLater_HaltIfViolated)
                  00005a24    00000014     rtsv7M3_T_le_eabi.lib : _lock.obj (.text)
                  00005a38    00000014                           : strlen.obj (.text)
                  00005a4c    00000014     lcdSmartRF06EB_pem3.oem3 (.text:ti_sysbios_knl_Clock_doTick__I)
                  00005a60    00000012     drivers_cc26xxware.aem3 : LCDDogm1286.oem3 (.text:LCD_bufferClearPage)
                  00005a72    00000012                             : LCDDogm1286_util.oem3 (.text:LCD_getStringLength)
                  00005a84    00000012                             : LCDDogm1286.oem3 (.text:LCD_update)
                  00005a96    00000012     lcdSmartRF06EB_pem3.oem3 (.text:xdc_runtime_Startup_exec__I)
                  00005aa8    00000010     sysbios.aem3 : mangled__BIOS_lib.obj (.text:xdc_runtime_SysMin_ready__E)
                  00005ab8    0000000e     rtsv7M3_T_le_eabi.lib : copy_decompress_none.obj (.text:decompress:none)
                  00005ac6    0000000e     sysbios.aem3 : mangled__BIOS_lib.obj (.text:xdc_runtime_HeapStd_getStats__E)
                  00005ad4    0000000c     driverlib.lib : cpu.obj (.text:NOROM_CPUcpsid)
                  00005ae0    0000000c                   : cpu.obj (.text:NOROM_CPUcpsie)
                  00005aec    0000000c     drivers_cc26xxware.aem3 : PINCC26XX.oem3 (.text:PIN_registerIntCb)
                  00005af8    0000000c                             : SPICC26XXDMA.oem3 (.text:spiPostNotify)
                  00005b04    0000000c     sysbios.aem3 : mangled__BIOS_lib.obj (.text:ti_sysbios_family_arm_cc26xx_Power_getDependencyCount__E)
                  00005b10    0000000c     lcdSmartRF06EB_pem3.oem3 (.text:xdc_runtime_Startup_reset__I)
                  00005b1c    0000000a     drivers_cc26xxware.aem3 : SPI.oem3 (.text:SPI_transfer)
                  00005b26    0000000a                             : UDMACC26XX.oem3 (.text:UDMACC26XX_hwiIntFxn)
                  00005b30    00000008                             : SPICC26XXDMA.oem3 (.text:SPICC26XXDMA_transferCallback)
                  00005b38    00000008     lcdSmartRF06EB_pem3.oem3 (.text:xdc_runtime_Text_visitRope__I)
                  00005b40    00000006     rtsv7M3_T_le_eabi.lib : copy_decompress_rle.obj (.text:decompress:rle24)
                  00005b46    00000004     lcdSmartRF06EB_pem3.oem3 (.text:malloc)
                  00005b4a    00000004     lcdSmartRF06EB_pem3.oem3 (.text:ti_sysbios_family_arm_cc26xx_Power_NOP)
                  00005b4e    00000004     sysbios.aem3 : mangled__BIOS_lib.obj (.text:xdc_runtime_HeapStd_isBlocking__E)
                  00005b52    00000002     --HOLE-- [fill = 0]
                  00005b54    00000008     (.tramp.xdc_runtime_Startup_startMods__I.1)
                  00005b5c    00000008     (.tramp.ti_sysbios_knl_Swi_post__E.1)
                  00005b64    00000008     (.tramp.ti_sysbios_knl_Clock_logTick__E.1)
                  00005b6c    00000008     (.tramp.ti_sysbios_BIOS_RtsGateProxy_leave__E.1)
                  00005b74    00000008     (.tramp.ti_sysbios_knl_Queue_remove__E.1)
                  00005b7c    00000008     (.tramp.ti_sysbios_BIOS_RtsGateProxy_enter__E.1)
                  00005b84    00000008     (.tramp.ti_sysbios_knl_Task_startup__E.1)
                  00005b8c    00000008     (.tramp.ti_sysbios_knl_Swi_startup__E.1)
                  00005b94    00000008     (.tramp.ti_sysbios_hal_Hwi_startup__E.1)
                  00005b9c    00000008     (.tramp.ti_sysbios_family_arm_cc26xx_Timer_startup__E.1)
                  00005ba4    00000008     (.tramp.xdc_runtime_System_atexit__E.1)
                  00005bac    00000008     (.tramp.ti_sysbios_knl_Queue_put__E.1)
                  00005bb4    00000008     (.tramp.ti_sysbios_knl_Task_disable__E.1)
                  00005bbc    00000008     (.tramp.ti_sysbios_knl_Swi_disable__E.1)
                  00005bc4    00000008     (.tramp.ti_sysbios_knl_Clock_stop__E.1)
                  00005bcc    00000008     (.tramp.xdc_runtime_System_exit__E.1)
                  00005bd4    00000008     (.tramp.ti_sysbios_knl_Semaphore_destruct.1)
                  00005bdc    00000008     (.tramp.ti_sysbios_family_arm_m3_Hwi_destruct.1)
                  00005be4    00000008     (.tramp.xdc_runtime_Core_deleteObject__I.1)
                  00005bec    00000008     (.tramp.xdc_runtime_Error_check__E.1)
                  00005bf4    00000008     (.tramp.xdc_runtime_Core_createObject__I.1)
                  00005bfc    00000008     (.tramp.ti_sysbios_knl_Queue_next__E.1)
                  00005c04    00000008     (.tramp.ti_sysbios_knl_Queue_head__E.1)
                  00005c0c    00000008     (.tramp.ti_sysbios_knl_Queue_empty__E.1)
                  00005c14    00000008     (.tramp.xdc_runtime_Memory_getMaxDefaultTypeAlign__E.1)
                  00005c1c    00000008     (.tramp.ti_sysbios_BIOS_getCpuFreq__E.1)
                  00005c24    00000008     (.tramp.ti_sysbios_knl_Clock_start__E.1)
                  00005c2c    00000008     (.tramp.ti_sysbios_knl_Clock_setTimeout__E.1)
                  00005c34    00000008     (.tramp.ti_sysbios_BIOS_start__E.1)
                  00005c3c    00000008     (.tramp.ti_sysbios_knl_Clock_scheduleNextTick__E.1)
                  00005c44    00000008     (.tramp.ti_sysbios_knl_Clock_walkQueueDynamic__E.1)
                  00005c4c    00000008     (.tramp.ti_sysbios_knl_Clock_TimerProxy_getCurrentTick__E.1)
                  00005c54    00000008     (.tramp.xdc_runtime_Gate_leaveSystem__E.1)
                  00005c5c    00000008     (.tramp.xdc_runtime_Gate_enterSystem__E.1)
                  00005c64    00000008     (.tramp.xdc_runtime_Text_ropeText__E.1)
                  00005c6c    00000008     (.tramp.ti_sysbios_knl_Semaphore_post__E.1)
                  00005c74    00000008     (.tramp.ti_sysbios_knl_Semaphore_pend__E.1)
                  00005c7c    00000008     (.tramp.ti_sysbios_knl_Task_self__E.1)
                  00005c84    00000008     (.tramp.ti_sysbios_family_arm_m3_Hwi_restoreFxn__E.1)
                  00005c8c    00000008     (.tramp.ti_sysbios_family_arm_m3_Hwi_disableFxn__E.1)
                  00005c94    00000008     (.tramp.xdc_runtime_Error_raiseX__E.1)
                  00005c9c    00000008     (.tramp.xdc_runtime_Error_init__E.1)
                  00005ca4    00000008     (.tramp.ti_sysbios_family_arm_m3_Hwi_construct.1)
                  00005cac    00000008     (.tramp.ti_sysbios_family_arm_m3_Hwi_Params__init__S.1)
                  00005cb4    00000008     (.tramp.ti_sysbios_knl_Semaphore_construct.1)
                  00005cbc    00000008     (.tramp.ti_sysbios_knl_Semaphore_Params__init__S.1)
                  00005cc4    00000008     (.tramp.ti_sysbios_knl_Task_sleep__E.1)
                  00005ccc    00000008     (.tramp.xdc_runtime_System_abort__E.1)
                  00005cd4    00000008     (.tramp.ti_sysbios_BIOS_exit__E.1)
                  00005cdc    00000008     (.tramp.xdc_runtime_Core_assignLabel__I.1)
                  00005ce4    00000008     (.tramp.ti_sysbios_BIOS_setThreadType__E.1)

.const     0    00005cec    000004a0     
                  00005cec    000001d6     drivers_cc26xxware.aem3 : LCDDogm1286.oem3 (.const:.string:LCD_alphabet)
                  00005ec2    00000002     lcdSmartRF06EB_pem3.oem3 (.const:ti_sysbios_knl_Swi_Module__id__C)
                  00005ec4    00000054     drivers_cc26xxware.aem3 : SPICC26XXDMA.oem3 (.const)
                  00005f18    0000004c     lcdSmartRF06EB_pem3.oem3 (.const:ti_sysbios_family_arm_cc26xx_Power_db)
                  00005f64    00000048     lcdSmartRF06EB_pem3.oem3 (.const:.string)
                  00005fac    0000002c     lcdSmartRF06EB_pem3.oem3 (.const:xdc_runtime_Startup_sfxnTab__A)
                  00005fd8    00000028     Board.obj (.const:spiCC26XXDMAHWAttrs)
                  00006000    00000028     lcdSmartRF06EB_pem3.oem3 (.const:xdc_runtime_HeapStd_Module__FXNS__C)
                  00006028    00000024     Board.obj (.const:SPI_config)
                  0000604c    00000020     drivers_cc26xxware.aem3 : SPI.oem3 (.const)
                  0000606c    00000020     lcdSmartRF06EB_pem3.oem3 (.const:xdc_runtime_HeapStd_Object__DESC__C)
                  0000608c    0000001c     lcdSmartRF06EB_pem3.oem3 (.const:xdc_runtime_HeapStd_Object__PARAMS__C)
                  000060a8    00000016     lcdSmartRF06EB_pem3.oem3 (.const:xdc_runtime_Startup_sfxnRts__A)
                  000060be    00000011     sysbios.aem3 : mangled__BIOS_lib.obj (.const:.string:digtohex$62)
                  000060cf    00000011     Board.obj (.const:LCD_initCmd)
                  000060e0    00000010     Board.obj (.const:UDMACC26XX_config)
                  000060f0    0000000c     lcdSmartRF06EB_pem3.oem3 (.const)
                  000060fc    0000000c     lcdSmartRF06EB_pem3.oem3 (.const:xdc_runtime_Startup_firstFxns__A)
                  00006108    00000008     Board.obj (.const:LCD_config)
                  00006110    00000008     Board.obj (.const:lcdHWAttrs)
                  00006118    00000008     lcdSmartRF06EB_pem3.oem3 (.const:ti_sysbios_family_arm_m3_Hwi_excHookFuncs__A)
                  00006120    00000008     Board.obj (.const:udmaHWAttrs)
                  00006128    00000004     lcdSmartRF06EB_pem3.oem3 (.const:ti_sysbios_family_arm_cc26xx_Power_Module_State_lfClockObj__O)
                  0000612c    00000004     lcdSmartRF06EB_pem3.oem3 (.const:ti_sysbios_family_arm_cc26xx_Power_Module_State_notifyQ__O)
                  00006130    00000004     lcdSmartRF06EB_pem3.oem3 (.const:ti_sysbios_family_arm_cc26xx_Power_notifyTrapFunc__C)
                  00006134    00000004     lcdSmartRF06EB_pem3.oem3 (.const:ti_sysbios_family_arm_m3_Hwi_E_NMI__C)
                  00006138    00000004     lcdSmartRF06EB_pem3.oem3 (.const:ti_sysbios_family_arm_m3_Hwi_E_busFault__C)
                  0000613c    00000004     lcdSmartRF06EB_pem3.oem3 (.const:ti_sysbios_family_arm_m3_Hwi_E_debugMon__C)
                  00006140    00000004     lcdSmartRF06EB_pem3.oem3 (.const:ti_sysbios_family_arm_m3_Hwi_E_hardFault__C)
                  00006144    00000004     lcdSmartRF06EB_pem3.oem3 (.const:ti_sysbios_family_arm_m3_Hwi_E_memFault__C)
                  00006148    00000004     lcdSmartRF06EB_pem3.oem3 (.const:ti_sysbios_family_arm_m3_Hwi_E_noIsr__C)
                  0000614c    00000004     lcdSmartRF06EB_pem3.oem3 (.const:ti_sysbios_family_arm_m3_Hwi_E_reserved__C)
                  00006150    00000004     lcdSmartRF06EB_pem3.oem3 (.const:ti_sysbios_family_arm_m3_Hwi_E_svCall__C)
                  00006154    00000004     lcdSmartRF06EB_pem3.oem3 (.const:ti_sysbios_family_arm_m3_Hwi_E_usageFault__C)
                  00006158    00000004     lcdSmartRF06EB_pem3.oem3 (.const:ti_sysbios_family_arm_m3_Hwi_disablePriority__C)
                  0000615c    00000004     lcdSmartRF06EB_pem3.oem3 (.const:ti_sysbios_family_arm_m3_Hwi_excHookFuncs__C)
                  00006160    00000004     lcdSmartRF06EB_pem3.oem3 (.const:ti_sysbios_knl_Clock_tickPeriod__C)
                  00006164    00000004     lcdSmartRF06EB_pem3.oem3 (.const:xdc_runtime_Error_raiseHook__C)
                  00006168    00000004     lcdSmartRF06EB_pem3.oem3 (.const:xdc_runtime_HeapStd_E_noRTSMemory__C)
                  0000616c    00000004     lcdSmartRF06EB_pem3.oem3 (.const:xdc_runtime_SysMin_bufSize__C)
                  00006170    00000004     lcdSmartRF06EB_pem3.oem3 (.const:xdc_runtime_SysMin_outputFunc__C)
                  00006174    00000004     lcdSmartRF06EB_pem3.oem3 (.const:xdc_runtime_System_extendFxn__C)
                  00006178    00000004     lcdSmartRF06EB_pem3.oem3 (.const:xdc_runtime_Text_visitRopeFxn__C)
                  0000617c    00000003     drivers_cc26xxware.aem3 : LCDDogm1286.oem3 (.const:.string)
                  0000617f    00000001     lcdSmartRF06EB_pem3.oem3 (.const:xdc_runtime_Text_charTab__A)
                  00006180    00000002     lcdSmartRF06EB_pem3.oem3 (.const:ti_sysbios_knl_Task_Module__id__C)
                  00006182    00000002     lcdSmartRF06EB_pem3.oem3 (.const:xdc_runtime_Error_maxDepth__C)
                  00006184    00000002     lcdSmartRF06EB_pem3.oem3 (.const:xdc_runtime_HeapStd_Module__id__C)
                  00006186    00000002     lcdSmartRF06EB_pem3.oem3 (.const:xdc_runtime_SysMin_flushAtExit__C)
                  00006188    00000002     lcdSmartRF06EB_pem3.oem3 (.const:xdc_runtime_Text_registryModsLastId__C)
                  0000618a    00000002     lcdSmartRF06EB_pem3.oem3 (.const:xdc_runtime_Text_unnamedModsLastId__C)

.cinit     0    00006190    000004dc     
                  00006190    000002db     (.cinit..data.load) [load image, compression = rle]
                  0000646b    00000005     --HOLE-- [fill = 0]
                  00006470    0000002c     (.cinit..data:ti_sysbios_family_arm_m3_Hwi_Module__state__V.load) [load image, compression = rle]
                  0000649c    00000004     --HOLE-- [fill = 0]
                  000064a0    0000002c     (.cinit..data:ti_sysbios_knl_Task_Module__state__V.load) [load image, compression = rle]
                  000064cc    00000004     --HOLE-- [fill = 0]
                  000064d0    00000021     (.cinit..data:ti_sysbios_knl_Clock_Module__state__V.load) [load image, compression = rle]
                  000064f1    00000007     --HOLE-- [fill = 0]
                  000064f8    0000001f     (.cinit..data:ti_sysbios_BIOS_Module__state__V.load) [load image, compression = rle]
                  00006517    00000001     --HOLE-- [fill = 0]
                  00006518    00000011     (.cinit..data:ti_sysbios_knl_Swi_Module__state__V.load) [load image, compression = rle]
                  00006529    00000007     --HOLE-- [fill = 0]
                  00006530    0000000d     (.cinit..data:ti_sysbios_family_arm_cc26xx_Timer_Module__state__V.load) [load image, compression = rle]
                  0000653d    00000003     --HOLE-- [fill = 0]
                  00006540    0000000d     (.cinit..data:xdc_runtime_System_Module__state__V.load) [load image, compression = rle]
                  0000654d    00000003     --HOLE-- [fill = 0]
                  00006550    0000000b     (.cinit..bss.load) [load image, compression = rle]
                  0000655b    00000005     --HOLE-- [fill = 0]
                  00006560    0000000a     (.cinit..data:xdc_runtime_Memory_Module__state__V.load) [load image, compression = rle]
                  0000656a    00000006     --HOLE-- [fill = 0]
                  00006570    00000009     (.cinit..TI.bound:dmaRxControlTableEntry0.load) [load image, compression = rle]
                  00006579    00000007     --HOLE-- [fill = 0]
                  00006580    00000009     (.cinit..TI.bound:dmaRxControlTableEntry1.load) [load image, compression = rle]
                  00006589    00000007     --HOLE-- [fill = 0]
                  00006590    00000009     (.cinit..TI.bound:dmaTxControlTableEntry0.load) [load image, compression = rle]
                  00006599    00000007     --HOLE-- [fill = 0]
                  000065a0    00000009     (.cinit..TI.bound:dmaTxControlTableEntry1.load) [load image, compression = rle]
                  000065a9    00000007     --HOLE-- [fill = 0]
                  000065b0    00000009     (.cinit..data:ti_sysbios_family_arm_cc26xx_TimestampProvider_Module__state__V.load) [load image, compression = rle]
                  000065b9    00000007     --HOLE-- [fill = 0]
                  000065c0    00000009     (.cinit..data:xdc_runtime_Startup_Module__state__V.load) [load image, compression = rle]
                  000065c9    00000007     --HOLE-- [fill = 0]
                  000065d0    00000009     (.cinit..vecs.load) [load image, compression = rle]
                  000065d9    00000003     --HOLE-- [fill = 0]
                  000065dc    00000008     (__TI_handler_table)
                  000065e4    00000088     (__TI_cinit_table)

.init_array 
*          0    00000000    00000000     UNINITIALIZED

.ccfg      0    0001ffa8    00000058     
                  0001ffa8    00000058     lcdSmartRF06EB_pem3.oem3 (.ccfg:retain)

.resetVecs 
*          0    00000000    0000003c     
                  00000000    0000003c     lcdSmartRF06EB_pem3.oem3 (.resetVecs)

.const:ti_sysbios_knl_Task_Object__PARAMS__C 
*          0    00000100    0000003c     
                  00000100    0000003c     lcdSmartRF06EB_pem3.oem3 (.const:ti_sysbios_knl_Task_Object__PARAMS__C)

.const:ti_sysbios_knl_Mailbox_Object__PARAMS__C 
*          0    0000013c    00000034     
                  0000013c    00000034     lcdSmartRF06EB_pem3.oem3 (.const:ti_sysbios_knl_Mailbox_Object__PARAMS__C)

.const:ti_sysbios_family_arm_m3_Hwi_Object__PARAMS__C 
*          0    00000170    00000030     
                  00000170    00000030     lcdSmartRF06EB_pem3.oem3 (.const:ti_sysbios_family_arm_m3_Hwi_Object__PARAMS__C)

.const:ti_sysbios_hal_Hwi_Object__PARAMS__C 
*          0    000001a0    0000002c     
                  000001a0    0000002c     lcdSmartRF06EB_pem3.oem3 (.const:ti_sysbios_hal_Hwi_Object__PARAMS__C)

.const:ti_sysbios_heaps_HeapMem_Module__FXNS__C 
*          0    000001cc    00000028     
                  000001cc    00000028     lcdSmartRF06EB_pem3.oem3 (.const:ti_sysbios_heaps_HeapMem_Module__FXNS__C)

.const:ti_sysbios_knl_Swi_Object__PARAMS__C 
*          0    000001f4    00000028     
                  000001f4    00000028     lcdSmartRF06EB_pem3.oem3 (.const:ti_sysbios_knl_Swi_Object__PARAMS__C)

.const:ti_sysbios_gates_GateHwi_Module__FXNS__C 
*          0    0000021c    00000024     
                  0000021c    00000024     lcdSmartRF06EB_pem3.oem3 (.const:ti_sysbios_gates_GateHwi_Module__FXNS__C)

.const:ti_sysbios_gates_GateMutex_Module__FXNS__C 
*          0    00000240    00000024     
                  00000240    00000024     lcdSmartRF06EB_pem3.oem3 (.const:ti_sysbios_gates_GateMutex_Module__FXNS__C)

.const:ti_sysbios_heaps_HeapMem_Object__PARAMS__C 
*          0    00000264    00000024     
                  00000264    00000024     lcdSmartRF06EB_pem3.oem3 (.const:ti_sysbios_heaps_HeapMem_Object__PARAMS__C)

.const:ti_sysbios_knl_Clock_Object__PARAMS__C 
*          0    00000288    00000024     
                  00000288    00000024     lcdSmartRF06EB_pem3.oem3 (.const:ti_sysbios_knl_Clock_Object__PARAMS__C)

.const:ti_sysbios_knl_Semaphore_Object__PARAMS__C 
*          0    000002ac    00000024     
                  000002ac    00000024     lcdSmartRF06EB_pem3.oem3 (.const:ti_sysbios_knl_Semaphore_Object__PARAMS__C)

.const:ti_sysbios_family_arm_m3_Hwi_Object__DESC__C 
*          0    000002d0    00000020     
                  000002d0    00000020     lcdSmartRF06EB_pem3.oem3 (.const:ti_sysbios_family_arm_m3_Hwi_Object__DESC__C)

.const:ti_sysbios_gates_GateHwi_Object__DESC__C 
*          0    000002f0    00000020     
                  000002f0    00000020     lcdSmartRF06EB_pem3.oem3 (.const:ti_sysbios_gates_GateHwi_Object__DESC__C)

.const:ti_sysbios_gates_GateMutex_Object__DESC__C 
*          0    00000310    00000020     
                  00000310    00000020     lcdSmartRF06EB_pem3.oem3 (.const:ti_sysbios_gates_GateMutex_Object__DESC__C)

.const:ti_sysbios_hal_Hwi_Object__DESC__C 
*          0    00000330    00000020     
                  00000330    00000020     lcdSmartRF06EB_pem3.oem3 (.const:ti_sysbios_hal_Hwi_Object__DESC__C)

.const:ti_sysbios_heaps_HeapMem_Object__DESC__C 
*          0    00000350    00000020     
                  00000350    00000020     lcdSmartRF06EB_pem3.oem3 (.const:ti_sysbios_heaps_HeapMem_Object__DESC__C)

.const:ti_sysbios_knl_Clock_Object__DESC__C 
*          0    00000370    00000020     
                  00000370    00000020     lcdSmartRF06EB_pem3.oem3 (.const:ti_sysbios_knl_Clock_Object__DESC__C)

.const:ti_sysbios_knl_Mailbox_Object__DESC__C 
*          0    00000390    00000020     
                  00000390    00000020     lcdSmartRF06EB_pem3.oem3 (.const:ti_sysbios_knl_Mailbox_Object__DESC__C)

.const:ti_sysbios_knl_Queue_Object__DESC__C 
*          0    000003b0    00000020     
                  000003b0    00000020     lcdSmartRF06EB_pem3.oem3 (.const:ti_sysbios_knl_Queue_Object__DESC__C)

.const:ti_sysbios_knl_Semaphore_Object__DESC__C 
*          0    000003d0    00000020     
                  000003d0    00000020     lcdSmartRF06EB_pem3.oem3 (.const:ti_sysbios_knl_Semaphore_Object__DESC__C)

.const:ti_sysbios_knl_Swi_Object__DESC__C 
*          0    000003f0    00000020     
                  000003f0    00000020     lcdSmartRF06EB_pem3.oem3 (.const:ti_sysbios_knl_Swi_Object__DESC__C)

.const:ti_sysbios_knl_Task_Object__DESC__C 
*          0    00000410    00000020     
                  00000410    00000020     lcdSmartRF06EB_pem3.oem3 (.const:ti_sysbios_knl_Task_Object__DESC__C)

.const:ti_sysbios_gates_GateHwi_Object__PARAMS__C 
*          0    00000430    00000018     
                  00000430    00000018     lcdSmartRF06EB_pem3.oem3 (.const:ti_sysbios_gates_GateHwi_Object__PARAMS__C)

.const:ti_sysbios_gates_GateMutex_Object__PARAMS__C 
*          0    00000448    00000018     
                  00000448    00000018     lcdSmartRF06EB_pem3.oem3 (.const:ti_sysbios_gates_GateMutex_Object__PARAMS__C)

.const:ti_sysbios_knl_Queue_Object__PARAMS__C 
*          0    00000460    00000018     
                  00000460    00000018     lcdSmartRF06EB_pem3.oem3 (.const:ti_sysbios_knl_Queue_Object__PARAMS__C)

.const:ti_sysbios_knl_Idle_funcList__C 
*          0    00000478    00000008     
                  00000478    00000008     lcdSmartRF06EB_pem3.oem3 (.const:ti_sysbios_knl_Idle_funcList__C)

.const:ti_sysbios_family_arm_cc26xx_Timer_startupNeeded__C 
*          0    00000484    00000004     
                  00000484    00000004     lcdSmartRF06EB_pem3.oem3 (.const:ti_sysbios_family_arm_cc26xx_Timer_startupNeeded__C)

.const:ti_sysbios_family_arm_m3_Hwi_E_alreadyDefined__C 
*          0    00000488    00000004     
                  00000488    00000004     lcdSmartRF06EB_pem3.oem3 (.const:ti_sysbios_family_arm_m3_Hwi_E_alreadyDefined__C)

.const:ti_sysbios_family_arm_m3_Hwi_E_hwiLimitExceeded__C 
*          0    0000048c    00000004     
                  0000048c    00000004     lcdSmartRF06EB_pem3.oem3 (.const:ti_sysbios_family_arm_m3_Hwi_E_hwiLimitExceeded__C)

.const:ti_sysbios_family_arm_m3_Hwi_NUM_INTERRUPTS__C 
*          0    00000490    00000004     
                  00000490    00000004     lcdSmartRF06EB_pem3.oem3 (.const:ti_sysbios_family_arm_m3_Hwi_NUM_INTERRUPTS__C)

.const:ti_sysbios_family_arm_m3_Hwi_Object__count__C 
*          0    00000494    00000004     
                  00000494    00000004     lcdSmartRF06EB_pem3.oem3 (.const:ti_sysbios_family_arm_m3_Hwi_Object__count__C)

.const:ti_sysbios_family_arm_m3_Hwi_Object__table__C 
*          0    00000498    00000004     
                  00000498    00000004     lcdSmartRF06EB_pem3.oem3 (.const:ti_sysbios_family_arm_m3_Hwi_Object__table__C)

.const:ti_sysbios_family_arm_m3_Hwi_ccr__C 
*          0    0000049c    00000004     
                  0000049c    00000004     lcdSmartRF06EB_pem3.oem3 (.const:ti_sysbios_family_arm_m3_Hwi_ccr__C)

.const:ti_sysbios_family_arm_m3_Hwi_excHandlerFunc__C 
*          0    000004a0    00000004     
                  000004a0    00000004     lcdSmartRF06EB_pem3.oem3 (.const:ti_sysbios_family_arm_m3_Hwi_excHandlerFunc__C)

.const:ti_sysbios_family_arm_m3_Hwi_nullIsrFunc__C 
*          0    000004a4    00000004     
                  000004a4    00000004     lcdSmartRF06EB_pem3.oem3 (.const:ti_sysbios_family_arm_m3_Hwi_nullIsrFunc__C)

.const:ti_sysbios_family_arm_m3_Hwi_numSparseInterrupts__C 
*          0    000004a8    00000004     
                  000004a8    00000004     lcdSmartRF06EB_pem3.oem3 (.const:ti_sysbios_family_arm_m3_Hwi_numSparseInterrupts__C)

.const:ti_sysbios_family_arm_m3_Hwi_priGroup__C 
*          0    000004ac    00000004     
                  000004ac    00000004     lcdSmartRF06EB_pem3.oem3 (.const:ti_sysbios_family_arm_m3_Hwi_priGroup__C)

.const:ti_sysbios_family_arm_m3_TaskSupport_stackAlignment__C 
*          0    000004b0    00000004     
                  000004b0    00000004     lcdSmartRF06EB_pem3.oem3 (.const:ti_sysbios_family_arm_m3_TaskSupport_stackAlignment__C)

.const:ti_sysbios_heaps_HeapMem_E_memory__C 
*          0    000004b4    00000004     
                  000004b4    00000004     lcdSmartRF06EB_pem3.oem3 (.const:ti_sysbios_heaps_HeapMem_E_memory__C)

.const:ti_sysbios_heaps_HeapMem_Module__gateObj__C 
*          0    000004b8    00000004     
                  000004b8    00000004     lcdSmartRF06EB_pem3.oem3 (.const:ti_sysbios_heaps_HeapMem_Module__gateObj__C)

.const:ti_sysbios_heaps_HeapMem_Object__count__C 
*          0    000004bc    00000004     
                  000004bc    00000004     lcdSmartRF06EB_pem3.oem3 (.const:ti_sysbios_heaps_HeapMem_Object__count__C)

.const:ti_sysbios_heaps_HeapMem_Object__table__C 
*          0    000004c0    00000004     
                  000004c0    00000004     lcdSmartRF06EB_pem3.oem3 (.const:ti_sysbios_heaps_HeapMem_Object__table__C)

.const:ti_sysbios_heaps_HeapMem_reqAlign__C 
*          0    000004c4    00000004     
                  000004c4    00000004     lcdSmartRF06EB_pem3.oem3 (.const:ti_sysbios_heaps_HeapMem_reqAlign__C)

.const:ti_sysbios_knl_Clock_serviceMargin__C 
*          0    000004c8    00000004     
                  000004c8    00000004     lcdSmartRF06EB_pem3.oem3 (.const:ti_sysbios_knl_Clock_serviceMargin__C)

.const:ti_sysbios_knl_Mailbox_Object__count__C 
*          0    000004cc    00000004     
                  000004cc    00000004     lcdSmartRF06EB_pem3.oem3 (.const:ti_sysbios_knl_Mailbox_Object__count__C)

.const:ti_sysbios_knl_Mailbox_Object__table__C 
*          0    000004d0    00000004     
                  000004d0    00000004     lcdSmartRF06EB_pem3.oem3 (.const:ti_sysbios_knl_Mailbox_Object__table__C)

.const:ti_sysbios_knl_Queue_Object__count__C 
*          0    000004d4    00000004     
                  000004d4    00000004     lcdSmartRF06EB_pem3.oem3 (.const:ti_sysbios_knl_Queue_Object__count__C)

.const:ti_sysbios_knl_Queue_Object__table__C 
*          0    000004d8    00000004     
                  000004d8    00000004     lcdSmartRF06EB_pem3.oem3 (.const:ti_sysbios_knl_Queue_Object__table__C)

.const:ti_sysbios_knl_Swi_Object__count__C 
*          0    000004dc    00000004     
                  000004dc    00000004     lcdSmartRF06EB_pem3.oem3 (.const:ti_sysbios_knl_Swi_Object__count__C)

.const:ti_sysbios_knl_Swi_Object__table__C 
*          0    000004e0    00000004     
                  000004e0    00000004     lcdSmartRF06EB_pem3.oem3 (.const:ti_sysbios_knl_Swi_Object__table__C)

.const:ti_sysbios_knl_Swi_numPriorities__C 
*          0    000004e4    00000004     
                  000004e4    00000004     lcdSmartRF06EB_pem3.oem3 (.const:ti_sysbios_knl_Swi_numPriorities__C)

.const:ti_sysbios_knl_Task_Object__count__C 
*          0    000004e8    00000004     
                  000004e8    00000004     lcdSmartRF06EB_pem3.oem3 (.const:ti_sysbios_knl_Task_Object__count__C)

.const:ti_sysbios_knl_Task_Object__table__C 
*          0    000004ec    00000004     
                  000004ec    00000004     lcdSmartRF06EB_pem3.oem3 (.const:ti_sysbios_knl_Task_Object__table__C)

.const:ti_sysbios_knl_Task_allBlockedFunc__C 
*          0    000004f0    00000004     
                  000004f0    00000004     lcdSmartRF06EB_pem3.oem3 (.const:ti_sysbios_knl_Task_allBlockedFunc__C)

.const:ti_sysbios_knl_Task_defaultStackHeap__C 
*          0    000004f4    00000004     
                  000004f4    00000004     lcdSmartRF06EB_pem3.oem3 (.const:ti_sysbios_knl_Task_defaultStackHeap__C)

.const:ti_sysbios_knl_Task_defaultStackSize__C 
*          0    000004f8    00000004     
                  000004f8    00000004     lcdSmartRF06EB_pem3.oem3 (.const:ti_sysbios_knl_Task_defaultStackSize__C)

.const:ti_sysbios_knl_Task_numConstructedTasks__C 
*          0    000004fc    00000004     
                  000004fc    00000004     lcdSmartRF06EB_pem3.oem3 (.const:ti_sysbios_knl_Task_numConstructedTasks__C)

.const:ti_sysbios_family_arm_cc26xx_Timer_Module__id__C 
*          0    00000502    00000002     
                  00000502    00000002     lcdSmartRF06EB_pem3.oem3 (.const:ti_sysbios_family_arm_cc26xx_Timer_Module__id__C)

.const:ti_sysbios_family_arm_cc26xx_TimestampProvider_useClockTimer__C 
*          0    00000504    00000002     
                  00000504    00000002     lcdSmartRF06EB_pem3.oem3 (.const:ti_sysbios_family_arm_cc26xx_TimestampProvider_useClockTimer__C)

.const:ti_sysbios_family_arm_m3_Hwi_Module__id__C 
*          0    00000506    00000002     
                  00000506    00000002     lcdSmartRF06EB_pem3.oem3 (.const:ti_sysbios_family_arm_m3_Hwi_Module__id__C)

.const:ti_sysbios_gates_GateHwi_Module__id__C 
*          0    00000508    00000002     
                  00000508    00000002     lcdSmartRF06EB_pem3.oem3 (.const:ti_sysbios_gates_GateHwi_Module__id__C)

.const:ti_sysbios_gates_GateMutex_Module__id__C 
*          0    0000050a    00000002     
                  0000050a    00000002     lcdSmartRF06EB_pem3.oem3 (.const:ti_sysbios_gates_GateMutex_Module__id__C)

.const:ti_sysbios_heaps_HeapMem_Module__id__C 
*          0    0000050c    00000002     
                  0000050c    00000002     lcdSmartRF06EB_pem3.oem3 (.const:ti_sysbios_heaps_HeapMem_Module__id__C)

.const:ti_sysbios_knl_Task_initStackFlag__C 
*          0    0000050e    00000002     
                  0000050e    00000002     lcdSmartRF06EB_pem3.oem3 (.const:ti_sysbios_knl_Task_initStackFlag__C)

.const:ti_sysbios_knl_Clock_tickMode__C 
*          0    00000510    00000001     
                  00000510    00000001     lcdSmartRF06EB_pem3.oem3 (.const:ti_sysbios_knl_Clock_tickMode__C)

.const:xdc_runtime_Startup_firstFxns__C 
*          0    00000514    00000008     
                  00000514    00000008     lcdSmartRF06EB_pem3.oem3 (.const:xdc_runtime_Startup_firstFxns__C)

.const:xdc_runtime_Startup_lastFxns__C 
*          0    0000051c    00000008     
                  0000051c    00000008     lcdSmartRF06EB_pem3.oem3 (.const:xdc_runtime_Startup_lastFxns__C)

.const:xdc_runtime_Assert_E_assertFailed__C 
*          0    00000524    00000004     
                  00000524    00000004     lcdSmartRF06EB_pem3.oem3 (.const:xdc_runtime_Assert_E_assertFailed__C)

.const:xdc_runtime_Error_E_memory__C 
*          0    00000528    00000004     
                  00000528    00000004     lcdSmartRF06EB_pem3.oem3 (.const:xdc_runtime_Error_E_memory__C)

.const:xdc_runtime_Error_policyFxn__C 
*          0    0000052c    00000004     
                  0000052c    00000004     lcdSmartRF06EB_pem3.oem3 (.const:xdc_runtime_Error_policyFxn__C)

.const:xdc_runtime_IGateProvider_Interface__BASE__C 
*          0    00000530    00000004     
                  00000530    00000004     lcdSmartRF06EB_pem3.oem3 (.const:xdc_runtime_IGateProvider_Interface__BASE__C)

.const:xdc_runtime_IHeap_Interface__BASE__C 
*          0    00000534    00000004     
                  00000534    00000004     lcdSmartRF06EB_pem3.oem3 (.const:xdc_runtime_IHeap_Interface__BASE__C)

.const:xdc_runtime_IModule_Interface__BASE__C 
*          0    00000538    00000004     
                  00000538    00000004     lcdSmartRF06EB_pem3.oem3 (.const:xdc_runtime_IModule_Interface__BASE__C)

.const:xdc_runtime_Main_Module__diagsEnabled__C 
*          0    0000053c    00000004     
                  0000053c    00000004     lcdSmartRF06EB_pem3.oem3 (.const:xdc_runtime_Main_Module__diagsEnabled__C)

.const:xdc_runtime_Main_Module__diagsIncluded__C 
*          0    00000540    00000004     
                  00000540    00000004     lcdSmartRF06EB_pem3.oem3 (.const:xdc_runtime_Main_Module__diagsIncluded__C)

.const:xdc_runtime_Main_Module__diagsMask__C 
*          0    00000544    00000004     
                  00000544    00000004     lcdSmartRF06EB_pem3.oem3 (.const:xdc_runtime_Main_Module__diagsMask__C)

.const:xdc_runtime_Memory_defaultHeapInstance__C 
*          0    00000548    00000004     
                  00000548    00000004     lcdSmartRF06EB_pem3.oem3 (.const:xdc_runtime_Memory_defaultHeapInstance__C)

.const:xdc_runtime_Startup_execImpl__C 
*          0    0000054c    00000004     
                  0000054c    00000004     lcdSmartRF06EB_pem3.oem3 (.const:xdc_runtime_Startup_execImpl__C)

.const:xdc_runtime_Startup_maxPasses__C 
*          0    00000550    00000004     
                  00000550    00000004     lcdSmartRF06EB_pem3.oem3 (.const:xdc_runtime_Startup_maxPasses__C)

.const:xdc_runtime_Startup_sfxnRts__C 
*          0    00000554    00000004     
                  00000554    00000004     lcdSmartRF06EB_pem3.oem3 (.const:xdc_runtime_Startup_sfxnRts__C)

.const:xdc_runtime_Startup_sfxnTab__C 
*          0    00000558    00000004     
                  00000558    00000004     lcdSmartRF06EB_pem3.oem3 (.const:xdc_runtime_Startup_sfxnTab__C)

.const:xdc_runtime_Startup_startModsFxn__C 
*          0    0000055c    00000004     
                  0000055c    00000004     lcdSmartRF06EB_pem3.oem3 (.const:xdc_runtime_Startup_startModsFxn__C)

.const:xdc_runtime_SysCallback_abortFxn__C 
*          0    00000560    00000004     
                  00000560    00000004     lcdSmartRF06EB_pem3.oem3 (.const:xdc_runtime_SysCallback_abortFxn__C)

.const:xdc_runtime_SysCallback_exitFxn__C 
*          0    00000564    00000004     
                  00000564    00000004     lcdSmartRF06EB_pem3.oem3 (.const:xdc_runtime_SysCallback_exitFxn__C)

.const:xdc_runtime_System_abortFxn__C 
*          0    00000568    00000004     
                  00000568    00000004     lcdSmartRF06EB_pem3.oem3 (.const:xdc_runtime_System_abortFxn__C)

.const:xdc_runtime_System_exitFxn__C 
*          0    0000056c    00000004     
                  0000056c    00000004     lcdSmartRF06EB_pem3.oem3 (.const:xdc_runtime_System_exitFxn__C)

.const:xdc_runtime_System_maxAtexitHandlers__C 
*          0    00000570    00000004     
                  00000570    00000004     lcdSmartRF06EB_pem3.oem3 (.const:xdc_runtime_System_maxAtexitHandlers__C)

.const:xdc_runtime_Text_charTab__C 
*          0    00000574    00000004     
                  00000574    00000004     lcdSmartRF06EB_pem3.oem3 (.const:xdc_runtime_Text_charTab__C)

.const:xdc_runtime_Text_nameEmpty__C 
*          0    00000578    00000004     
                  00000578    00000004     lcdSmartRF06EB_pem3.oem3 (.const:xdc_runtime_Text_nameEmpty__C)

.const:xdc_runtime_Text_nameStatic__C 
*          0    0000057c    00000004     
                  0000057c    00000004     lcdSmartRF06EB_pem3.oem3 (.const:xdc_runtime_Text_nameStatic__C)

.const:xdc_runtime_Text_nameUnknown__C 
*          0    00000580    00000004     
                  00000580    00000004     lcdSmartRF06EB_pem3.oem3 (.const:xdc_runtime_Text_nameUnknown__C)

.const:xdc_runtime_Main_Module__id__C 
*          0    00000584    00000002     
                  00000584    00000002     lcdSmartRF06EB_pem3.oem3 (.const:xdc_runtime_Main_Module__id__C)

.const:xdc_runtime_Memory_Module__id__C 
*          0    00000586    00000002     
                  00000586    00000002     lcdSmartRF06EB_pem3.oem3 (.const:xdc_runtime_Memory_Module__id__C)

.const:xdc_runtime_Text_charCnt__C 
*          0    00000588    00000002     
                  00000588    00000002     lcdSmartRF06EB_pem3.oem3 (.const:xdc_runtime_Text_charCnt__C)

.const:xdc_runtime_Text_isLoaded__C 
*          0    0000058a    00000002     
                  0000058a    00000002     lcdSmartRF06EB_pem3.oem3 (.const:xdc_runtime_Text_isLoaded__C)

.const:xdc_runtime_Error_policy__C 
*          0    0000058c    00000001     
                  0000058c    00000001     lcdSmartRF06EB_pem3.oem3 (.const:xdc_runtime_Error_policy__C)

.const:ti_sysbios_rom_ROM_AONRTCChannelEnable 
*          0    00000590    00000004     
                  00000590    00000004     lcdSmartRF06EB_pem3.oem3 (.const:ti_sysbios_rom_ROM_AONRTCChannelEnable)

.const:ti_sysbios_rom_ROM_AONRTCCompareValueSet 
*          0    00000594    00000004     
                  00000594    00000004     lcdSmartRF06EB_pem3.oem3 (.const:ti_sysbios_rom_ROM_AONRTCCompareValueSet)

.const:ti_sysbios_rom_ROM_AONRTCCurrentCompareValueGet 
*          0    00000598    00000004     
                  00000598    00000004     lcdSmartRF06EB_pem3.oem3 (.const:ti_sysbios_rom_ROM_AONRTCCurrentCompareValueGet)

.const:ti_sysbios_rom_ROM_AONRTCEventClear 
*          0    0000059c    00000004     
                  0000059c    00000004     lcdSmartRF06EB_pem3.oem3 (.const:ti_sysbios_rom_ROM_AONRTCEventClear)

.const:ti_sysbios_rom_ROM_ti_sysbios_family_arm_cc26xx_Timer_getCount64__E 
*          0    000005a0    00000004     
                  000005a0    00000004     lcdSmartRF06EB_pem3.oem3 (.const:ti_sysbios_rom_ROM_ti_sysbios_family_arm_cc26xx_Timer_getCount64__E)

.const:ti_sysbios_rom_ROM_ti_sysbios_family_arm_cc26xx_Timer_getCurrentTick__E 
*          0    000005a4    00000004     
                  000005a4    00000004     lcdSmartRF06EB_pem3.oem3 (.const:ti_sysbios_rom_ROM_ti_sysbios_family_arm_cc26xx_Timer_getCurrentTick__E)

.const:ti_sysbios_rom_ROM_ti_sysbios_family_arm_cc26xx_Timer_getMaxTicks__E 
*          0    000005a8    00000004     
                  000005a8    00000004     lcdSmartRF06EB_pem3.oem3 (.const:ti_sysbios_rom_ROM_ti_sysbios_family_arm_cc26xx_Timer_getMaxTicks__E)

.const:ti_sysbios_rom_ROM_ti_sysbios_family_arm_cc26xx_Timer_initDevice__I 
*          0    000005ac    00000004     
                  000005ac    00000004     lcdSmartRF06EB_pem3.oem3 (.const:ti_sysbios_rom_ROM_ti_sysbios_family_arm_cc26xx_Timer_initDevice__I)

.const:ti_sysbios_rom_ROM_ti_sysbios_family_arm_cc26xx_Timer_setNextTick__E 
*          0    000005b0    00000004     
                  000005b0    00000004     lcdSmartRF06EB_pem3.oem3 (.const:ti_sysbios_rom_ROM_ti_sysbios_family_arm_cc26xx_Timer_setNextTick__E)

.const:ti_sysbios_rom_ROM_ti_sysbios_family_arm_cc26xx_Timer_setThreshold__I 
*          0    000005b4    00000004     
                  000005b4    00000004     lcdSmartRF06EB_pem3.oem3 (.const:ti_sysbios_rom_ROM_ti_sysbios_family_arm_cc26xx_Timer_setThreshold__I)

.const:ti_sysbios_rom_ROM_ti_sysbios_family_arm_cc26xx_Timer_start__E 
*          0    000005b8    00000004     
                  000005b8    00000004     lcdSmartRF06EB_pem3.oem3 (.const:ti_sysbios_rom_ROM_ti_sysbios_family_arm_cc26xx_Timer_start__E)

.const:ti_sysbios_rom_ROM_ti_sysbios_family_arm_cc26xx_TimestampProvider_get32__E 
*          0    000005bc    00000004     
                  000005bc    00000004     lcdSmartRF06EB_pem3.oem3 (.const:ti_sysbios_rom_ROM_ti_sysbios_family_arm_cc26xx_TimestampProvider_get32__E)

.const:ti_sysbios_rom_ROM_xdc_runtime_Startup_getState__I 
*          0    000005c0    00000004     
                  000005c0    00000004     lcdSmartRF06EB_pem3.oem3 (.const:ti_sysbios_rom_ROM_xdc_runtime_Startup_getState__I)

.const:ti_sysbios_rom_ROM_xdc_runtime_System_SupportProxy_abort__E 
*          0    000005c4    00000004     
                  000005c4    00000004     lcdSmartRF06EB_pem3.oem3 (.const:ti_sysbios_rom_ROM_xdc_runtime_System_SupportProxy_abort__E)

.const:ti_sysbios_rom_ROM_xdc_runtime_System_SupportProxy_exit__E 
*          0    000005c8    00000004     
                  000005c8    00000004     lcdSmartRF06EB_pem3.oem3 (.const:ti_sysbios_rom_ROM_xdc_runtime_System_SupportProxy_exit__E)

.const:ti_sysbios_gates_GateMutex_Instance_State_sem__O 
*          0    000005cc    00000004     
                  000005cc    00000004     lcdSmartRF06EB_pem3.oem3 (.const:ti_sysbios_gates_GateMutex_Instance_State_sem__O)

.const:ti_sysbios_knl_Clock_Module_State_clockQ__O 
*          0    000005d0    00000004     
                  000005d0    00000004     lcdSmartRF06EB_pem3.oem3 (.const:ti_sysbios_knl_Clock_Module_State_clockQ__O)

.const:ti_sysbios_knl_Mailbox_Instance_State_dataQue__O 
*          0    000005d4    00000004     
                  000005d4    00000004     lcdSmartRF06EB_pem3.oem3 (.const:ti_sysbios_knl_Mailbox_Instance_State_dataQue__O)

.const:ti_sysbios_knl_Mailbox_Instance_State_dataSem__O 
*          0    000005d8    00000004     
                  000005d8    00000004     lcdSmartRF06EB_pem3.oem3 (.const:ti_sysbios_knl_Mailbox_Instance_State_dataSem__O)

.const:ti_sysbios_knl_Mailbox_Instance_State_freeQue__O 
*          0    000005dc    00000004     
                  000005dc    00000004     lcdSmartRF06EB_pem3.oem3 (.const:ti_sysbios_knl_Mailbox_Instance_State_freeQue__O)

.const:ti_sysbios_knl_Mailbox_Instance_State_freeSem__O 
*          0    000005e0    00000004     
                  000005e0    00000004     lcdSmartRF06EB_pem3.oem3 (.const:ti_sysbios_knl_Mailbox_Instance_State_freeSem__O)

.const:ti_sysbios_knl_Semaphore_Instance_State_pendQ__O 
*          0    000005e4    00000004     
                  000005e4    00000004     lcdSmartRF06EB_pem3.oem3 (.const:ti_sysbios_knl_Semaphore_Instance_State_pendQ__O)

.const:ti_sysbios_knl_Task_Module_State_inactiveQ__O 
*          0    000005e8    00000004     
                  000005e8    00000004     lcdSmartRF06EB_pem3.oem3 (.const:ti_sysbios_knl_Task_Module_State_inactiveQ__O)

.vecs      0    20000000    000000dc     UNINITIALIZED
                  20000000    000000dc     lcdSmartRF06EB_pem3.oem3 (.vecs)

.data:ti_sysbios_knl_Task_Module__state__V 
*          0    20000100    00000044     UNINITIALIZED
                  20000100    00000044     lcdSmartRF06EB_pem3.oem3 (.data:ti_sysbios_knl_Task_Module__state__V)

.data:ti_sysbios_family_arm_m3_Hwi_Module__state__V 
*          0    20000144    00000034     UNINITIALIZED
                  20000144    00000034     lcdSmartRF06EB_pem3.oem3 (.data:ti_sysbios_family_arm_m3_Hwi_Module__state__V)

.data:ti_sysbios_knl_Clock_Module__state__V 
*          0    20000178    0000002c     UNINITIALIZED
                  20000178    0000002c     lcdSmartRF06EB_pem3.oem3 (.data:ti_sysbios_knl_Clock_Module__state__V)

.data:ti_sysbios_BIOS_Module__state__V 
*          0    200001a4    00000024     UNINITIALIZED
                  200001a4    00000024     lcdSmartRF06EB_pem3.oem3 (.data:ti_sysbios_BIOS_Module__state__V)

.data:ti_sysbios_knl_Swi_Module__state__V 
*          0    200001c8    0000001c     UNINITIALIZED
                  200001c8    0000001c     lcdSmartRF06EB_pem3.oem3 (.data:ti_sysbios_knl_Swi_Module__state__V)

.data:ti_sysbios_family_arm_cc26xx_Timer_Module__state__V 
*          0    200001e4    00000008     UNINITIALIZED
                  200001e4    00000008     lcdSmartRF06EB_pem3.oem3 (.data:ti_sysbios_family_arm_cc26xx_Timer_Module__state__V)

.data:ti_sysbios_family_arm_cc26xx_TimestampProvider_Module__state__V 
*          0    200001ec    00000004     UNINITIALIZED
                  200001ec    00000004     lcdSmartRF06EB_pem3.oem3 (.data:ti_sysbios_family_arm_cc26xx_TimestampProvider_Module__state__V)

.data:xdc_runtime_Startup_Module__state__V 
*          0    200001f0    00000008     UNINITIALIZED
                  200001f0    00000008     lcdSmartRF06EB_pem3.oem3 (.data:xdc_runtime_Startup_Module__state__V)

.data:xdc_runtime_System_Module__state__V 
*          0    200001f8    00000008     UNINITIALIZED
                  200001f8    00000008     lcdSmartRF06EB_pem3.oem3 (.data:xdc_runtime_System_Module__state__V)

.data:xdc_runtime_Memory_Module__state__V 
*          0    20000200    00000004     UNINITIALIZED
                  20000200    00000004     lcdSmartRF06EB_pem3.oem3 (.data:xdc_runtime_Memory_Module__state__V)

.TI.bound:dmaRxControlTableEntry0 
*          0    20000430    00000010     UNINITIALIZED
                  20000430    00000010     drivers_cc26xxware.aem3 : SPICC26XXDMA.oem3 (.TI.bound:dmaRxControlTableEntry0)

.TI.bound:dmaTxControlTableEntry0 
*          0    20000440    00000010     UNINITIALIZED
                  20000440    00000010     drivers_cc26xxware.aem3 : SPICC26XXDMA.oem3 (.TI.bound:dmaTxControlTableEntry0)

.TI.bound:dmaRxControlTableEntry1 
*          0    20000500    00000010     UNINITIALIZED
                  20000500    00000010     drivers_cc26xxware.aem3 : SPICC26XXDMA.oem3 (.TI.bound:dmaRxControlTableEntry1)

.TI.bound:dmaTxControlTableEntry1 
*          0    20000510    00000010     UNINITIALIZED
                  20000510    00000010     drivers_cc26xxware.aem3 : SPICC26XXDMA.oem3 (.TI.bound:dmaTxControlTableEntry1)

.data      0    20000520    00000c3a     UNINITIALIZED
                  20000520    00000400     lcdSmartRF06EB.obj (.data:lcdBuffer0)
                  20000920    00000400     lcdSmartRF06EB.obj (.data:lcdBuffer1)
                  20000d20    00000098     lcdSmartRF06EB_pem3.oem3 (.data:ti_sysbios_knl_Task_Object__table__V)
                  20000db8    00000080     lcdSmartRF06EB_pem3.oem3 (.data:ti_sysbios_knl_Swi_Module_State_0_readyQ__A)
                  20000e38    00000070     lcdSmartRF06EB_pem3.oem3 (.data:ti_sysbios_family_arm_cc26xx_Power_Module__state__V)
                  20000ea8    00000048     lcdSmartRF06EB.obj (.data:lcdBuffers)
                  20000ef0    00000048     lcdSmartRF06EB_pem3.oem3 (.data:ti_sysbios_family_arm_cc26xx_Timer_Object__table__V)
[...]
1001c1fb  ti_sysbios_family_arm_m3_Hwi_doSwiRestore__I                              
1001c203  ti_sysbios_family_arm_m3_Hwi_startup__E                                   
1001c20b  ti_sysbios_knl_Idle_loop__E                                               
1001c213  ti_sysbios_family_arm_m3_Hwi_doTaskRestore__I                             
1001c219  ti_sysbios_family_arm_m3_Hwi_restoreFxn__E                                
1001c21f  ti_sysbios_gates_GateHwi_leave__E                                         
1001c225  ti_sysbios_knl_Clock_stop__E                                              
1001c22b  ti_sysbios_knl_Queue_Instance_init__E                                     
1001c231  ti_sysbios_knl_Queue_elemClear__E                                         
1001c237  ti_sysbios_knl_Swi_Module_startup__E                                      
1001c23d  ti_sysbios_knl_Swi_startup__E                                             
1001c243  ti_sysbios_knl_Task_enable__E                                             
1001c249  ti_sysbios_BIOS_RtsGateProxy_enter__E                                     
1001c24d  ti_sysbios_BIOS_RtsGateProxy_leave__E                                     
1001c251  ti_sysbios_family_arm_cc26xx_Timer_getExpiredTicks__E                     
1001c255  ti_sysbios_family_arm_cc26xx_Timer_getPeriod__E                           
1001c259  ti_sysbios_family_arm_cc26xx_Timer_setPeriod__E                           
1001c25d  ti_sysbios_family_arm_m3_Hwi_delete                                       
1001c261  ti_sysbios_family_arm_m3_Hwi_destruct                                     
1001c265  ti_sysbios_family_arm_m3_TaskSupport_Module__startupDone__S               
1001c269  ti_sysbios_gates_GateHwi_query__E                                         
1001c269  xdc_runtime_System_Module_GateProxy_query__E                              
1001c26d  ti_sysbios_gates_GateMutex_delete                                         
1001c271  ti_sysbios_gates_GateMutex_destruct                                       
1001c275  ti_sysbios_BIOS_RtsGateProxy_query__E                                     
1001c275  ti_sysbios_gates_GateMutex_query__E                                       
1001c275  ti_sysbios_heaps_HeapMem_Module_GateProxy_query__E                        
1001c279  ti_sysbios_hal_Hwi_HwiProxy_Module__startupDone__S                        
1001c27d  ti_sysbios_hal_Hwi_HwiProxy_delete                                        
1001c281  ti_sysbios_hal_Hwi_HwiProxy_disableInterrupt__E                           
1001c281  ti_sysbios_hal_Hwi_disableInterrupt__E                                    
1001c285  ti_sysbios_hal_Hwi_HwiProxy_enableInterrupt__E                            
1001c285  ti_sysbios_hal_Hwi_enableInterrupt__E                                     
1001c289  ti_sysbios_hal_Hwi_HwiProxy_getStackInfo__E                               
1001c289  ti_sysbios_hal_Hwi_getStackInfo__E                                        
1001c28d  ti_sysbios_hal_Hwi_HwiProxy_startup__E                                    
1001c28d  ti_sysbios_hal_Hwi_startup__E                                             
1001c291  ti_sysbios_hal_Hwi_HwiProxy_switchFromBootStack__E                        
1001c295  ti_sysbios_hal_Hwi_delete                                                 
1001c299  ti_sysbios_hal_Hwi_switchFromBootStack__E                                 
1001c29d  ti_sysbios_heaps_HeapMem_Module_GateProxy_enter__E                        
1001c2a1  ti_sysbios_heaps_HeapMem_Module_GateProxy_leave__E                        
1001c2a5  ti_sysbios_heaps_HeapMem_isBlocking__E                                    
1001c2a9  ti_sysbios_knl_Clock_TimerProxy_Module__startupDone__S                    
1001c2ad  ti_sysbios_knl_Clock_TimerProxy_getExpiredTicks__E                        
1001c2b1  ti_sysbios_knl_Clock_TimerProxy_getPeriod__E                              
1001c2b5  ti_sysbios_knl_Clock_delete                                               
1001c2b9  ti_sysbios_knl_Clock_destruct                                             
1001c2bd  ti_sysbios_knl_Clock_removeI__E                                           
1001c2c1  ti_sysbios_knl_Clock_setTimeout__E                                        
1001c2c5  ti_sysbios_knl_Mailbox_delete                                             
1001c2c9  ti_sysbios_knl_Mailbox_destruct                                           
1001c2cd  ti_sysbios_knl_Queue_delete                                               
1001c2d1  ti_sysbios_knl_Queue_destruct                                             
1001c2d5  ti_sysbios_knl_Queue_head__E                                              
1001c2d9  ti_sysbios_knl_Queue_next__E                                              
1001c2dd  ti_sysbios_knl_Semaphore_delete                                           
1001c2e1  ti_sysbios_knl_Semaphore_destruct                                         
1001c2e5  ti_sysbios_knl_Swi_delete                                                 
1001c2e9  ti_sysbios_knl_Swi_destruct                                               
1001c2ed  ti_sysbios_knl_Swi_postInit__I                                            
1001c2f1  ti_sysbios_knl_Task_SupportProxy_Module__startupDone__S                   
1001c2f5  ti_sysbios_knl_Task_SupportProxy_getStackAlignment__E                     
1001c2f9  ti_sysbios_knl_Task_SupportProxy_start__E                                 
1001c2fd  ti_sysbios_knl_Task_SupportProxy_swap__E                                  
1001c301  ti_sysbios_knl_Task_delete                                                
1001c305  ti_sysbios_knl_Task_destruct                                              
1001c309  ti_sysbios_knl_Task_startup__E                                            
1001c30d  xdc_runtime_Startup_startMods__I                                          
1001c405  xdc_runtime_Core_createObject__I                                          
1001c487  xdc_runtime_Error_policySpin__E                                           
1001c489  xdc_runtime_Memory_alloc__E                                               
1001c4f9  xdc_runtime_Core_deleteObject__I                                          
1001c559  xdc_runtime_Startup_exec__E                                               
1001c5a9  xdc_runtime_Assert_raise__I                                               
1001c5f1  xdc_runtime_Core_assignParams__I                                          
1001c639  xdc_runtime_Core_constructObject__I                                       
1001c681  xdc_runtime_System_atexit__E                                              
1001c6b9  xdc_runtime_System_processAtExit__E                                       
1001c6ed  xdc_runtime_Core_assignLabel__I                                           
1001c71d  xdc_runtime_Text_cordText__E                                              
1001c749  xdc_runtime_System_abort__E                                               
1001c769  xdc_runtime_Error_raiseX__E                                               
1001c785  xdc_runtime_Memory_valloc__E                                              
1001c7a1  xdc_runtime_Core_destructObject__I                                        
1001c7b9  xdc_runtime_Error_check__E                                                
1001c7d1  xdc_runtime_System_exit__E                                                
1001c7e9  xdc_runtime_Text_ropeText__E                                              
1001c801  xdc_runtime_Memory_free__E                                                
1001c811  xdc_runtime_SysCallback_abort__E                                          
1001c821  xdc_runtime_SysCallback_exit__E                                           
1001c831  xdc_runtime_Timestamp_SupportProxy_get32__E                               
1001c831  xdc_runtime_Timestamp_get32__E                                            
1001c841  xdc_runtime_Error_init__E                                                 
1001c84d  xdc_runtime_Memory_calloc__E                                              
1001c859  xdc_runtime_Memory_getMaxDefaultTypeAlign__E                              
1001c879  xdc_runtime_Gate_leaveSystem__E                                           
1001c87f  xdc_runtime_System_Module_startup__E                                      
1001c885  xdc_runtime_Gate_enterSystem__E                                           
1001c889  xdc_runtime_Memory_HeapProxy_alloc__E                                     
1001c88d  xdc_runtime_Memory_HeapProxy_free__E                                      
1001c891  xdc_runtime_System_Module_GateProxy_enter__E                              
1001c895  xdc_runtime_System_Module_GateProxy_leave__E                              
1001c899  xdc_runtime_System_abortSpin__E                                           
1001c89b  xdc_runtime_System_exitSpin__E                                            
1001c89d  ti_sysbios_family_arm_m3_Hwi_dispatch__I                                  
1001c96d  ti_sysbios_family_arm_m3_TaskSupport_buildTaskStack                       
1001c9b9  ti_sysbios_family_arm_m3_Hwi_initStacks__E                                
1001ca01  ti_sysbios_family_arm_m3_Hwi_excHandlerAsm__I                             
1001ca21  ti_sysbios_family_xxx_Hwi_switchAndRunFunc                                
1001ca3f  ti_sysbios_family_arm_m3_Hwi_pendSV__I                                    
1001ca57  ti_sysbios_family_arm_m3_Hwi_return                                       
1001ca59  ti_sysbios_family_arm_m3_TaskSupport_glue                                 
1001ca69  ti_sysbios_family_arm_m3_TaskSupport_swap__E                              
1001ca71  ti_sysbios_knl_Task_swapReturn                                            
1001ca9b  ti_sysbios_rom_cortexm_cc26xx_CC26xx_getRevision__E                       
20000000  ti_sysbios_family_arm_m3_Hwi_ramVectors                                   
20000100  ti_sysbios_knl_Task_Module__state__V                                      
20000144  ti_sysbios_family_arm_m3_Hwi_Module__state__V                             
20000178  ti_sysbios_knl_Clock_Module__state__V                                     
200001a4  ti_sysbios_BIOS_Module__state__V                                          
200001c8  ti_sysbios_knl_Swi_Module__state__V                                       
200001e4  ti_sysbios_family_arm_cc26xx_Timer_Module__state__V                       
200001ec  ti_sysbios_family_arm_cc26xx_TimestampProvider_Module__state__V           
200001f0  xdc_runtime_Startup_Module__state__V                                      
200001f8  xdc_runtime_System_Module__state__V                                       
20000200  xdc_runtime_Memory_Module__state__V                                       
20000520  lcdBuffer0                                                                
20000920  lcdBuffer1                                                                
20000d20  ti_sysbios_knl_Task_Object__table__V                                      
20000db8  ti_sysbios_knl_Swi_Module_State_0_readyQ__A                               
20000e38  ti_sysbios_family_arm_cc26xx_Power_Module__state__V                       
20000ea8  lcdBuffers                                                                
20000ef0  ti_sysbios_family_arm_cc26xx_Timer_Object__table__V                       
20000f38  BoardGpioInitTable                                                        
20000f74  ti_sysbios_gates_GateMutex_Object__table__V                               
20000fac  ti_sysbios_family_arm_m3_Hwi_Object__table__V                             
20000fdc  ti_sysbios_knl_Swi_Object__table__V                                       
2000100c  ti_sysbios_knl_Task_Module_State_0_readyQ__A                              
20001048  pinTable                                                                  
20001064  ti_sysbios_knl_Semaphore_Object__table__V                                 
20001078  ti_sysbios_family_arm_cc26xx_Power_refCount                               
2000108c  __TI_cleanup_ptr                                                          
20001090  __TI_dtors_ptr                                                            
20001094  __TI_enable_exit_profile_output                                           
20001098  ti_sysbios_family_arm_cc26xx_Power_resourceHandlers                       
200010a4  xdc_runtime_HeapStd_Object__table__V                                      
200010b0  xdc_runtime_SysMin_Module__state__V                                       
200010bc  _lock                                                                     
200010c0  _unlock                                                                   
200010c4  lcdHandle                                                                 
200010c8  pinHandle                                                                 
200010cc  ti_sysbios_family_arm_m3_Hwi_Module__root__V                              
200010d4  ti_sysbios_gates_GateHwi_Module__root__V                                  
200010dc  ti_sysbios_gates_GateMutex_Module__root__V                                
200010e4  ti_sysbios_hal_Hwi_Module__root__V                                        
200010ec  ti_sysbios_heaps_HeapMem_Module__root__V                                  
200010f4  ti_sysbios_knl_Clock_Module__root__V                                      
200010fc  ti_sysbios_knl_Mailbox_Module__root__V                                    
20001104  ti_sysbios_knl_Queue_Module__root__V                                      
2000110c  ti_sysbios_knl_Semaphore_Module__root__V                                  
20001114  ti_sysbios_knl_Swi_Module__root__V                                        
2000111c  ti_sysbios_knl_Task_Module__root__V                                       
20001124  xdc_runtime_HeapStd_Module__root__V                                       
2000112c  xdc_runtime_Registry_Module__state__V                                     
20001134  xdc_runtime_System_Module_State_0_atexitHandlers__A                       
2000113c  ti_sysbios_family_arm_cc26xx_Power_constraintCounts                       
20001142  ti_sysbios_family_arm_m3_Hwi_Module_State_0_excActive__A                  
20001144  main_func_sp                                                              
20001148  ti_sysbios_family_arm_m3_Hwi_Module_State_0_excContext__A                 
2000114c  ti_sysbios_family_arm_m3_Hwi_Module_State_0_excStack__A                   
20001150  ti_sysbios_knl_Task_Module_State_0_idleTask__A                            
20001154  xdc_runtime_HeapStd_Module__state__V                                      
20001158  xdc_runtime_Error_Module__state__V                                        
20001160  ti_sysbios_knl_Task_Instance_State_0_stack__A                             
20001460  ti_sysbios_knl_Task_Instance_State_1_stack__A                             
20001760  spiCC26XXDMAObjects                                                       
200018b0  __CIOBUF_                                                                 
200019d0  ti_sysbios_family_arm_m3_Hwi_dispatchTable                                
20001aac  xdc_runtime_SysMin_Module_State_0_outbuf__A                               
20001b2c  PIN_HandleTable                                                           
20001ba8  lcdObject                                                                 
20001bf8  UdmaObjects                                                               
20001c78  PIN_NumPins                                                               
20001c84  driverlib_release_0_43243                                                 
20004d00  __stack                                                                   
20005000  __STACK_END                                                               
20005000  __STACK_TOP                                                               
e000e000  ti_sysbios_family_arm_m3_Hwi_nvic                                         
ffffffff  __TI_pprof_out_hndl                                                       
ffffffff  __TI_prof_data_size                                                       
ffffffff  __TI_prof_data_start                                                      
ffffffff  __binit__                                                                 
ffffffff  __c_args__                                                                
ffffffff  binit                                                                     
UNDEFED   SHT$$INIT_ARRAY$$Base                                                     
UNDEFED   SHT$$INIT_ARRAY$$Limit                                                    
UNDEFED   ti_sysbios_BIOS_RtsGateProxy_Handle__label__S__mangled__                  
UNDEFED   ti_sysbios_BIOS_RtsGateProxy_Object__delete__S__mangled__                 
UNDEFED   ti_sysbios_BIOS_RtsGateProxy_Params__init__S__mangled__                   
UNDEFED   ti_sysbios_BIOS_RtsGateProxy_query__E__mangled__                          
UNDEFED   ti_sysbios_hal_Hwi_HwiProxy_Module__startupDone__S__mangled__             
UNDEFED   ti_sysbios_hal_Hwi_HwiProxy_Object__delete__S__mangled__                  
UNDEFED   ti_sysbios_hal_Hwi_HwiProxy_Params__init__S__mangled__                    
UNDEFED   ti_sysbios_hal_Hwi_HwiProxy_disableInterrupt__E__mangled__                
UNDEFED   ti_sysbios_hal_Hwi_HwiProxy_enableInterrupt__E__mangled__                 
UNDEFED   ti_sysbios_hal_Hwi_HwiProxy_getStackInfo__E__mangled__                    
UNDEFED   ti_sysbios_hal_Hwi_HwiProxy_startup__E__mangled__                         
UNDEFED   ti_sysbios_hal_Hwi_HwiProxy_switchFromBootStack__E__mangled__             
UNDEFED   ti_sysbios_hal_Hwi_disableInterrupt__E__mangled__                         
UNDEFED   ti_sysbios_hal_Hwi_enableInterrupt__E__mangled__                          
UNDEFED   ti_sysbios_hal_Hwi_getStackInfo__E__mangled__                             
UNDEFED   ti_sysbios_hal_Hwi_startup__E__mangled__                                  
UNDEFED   ti_sysbios_hal_Hwi_switchFromBootStack__E__mangled__                      
UNDEFED   ti_sysbios_heaps_HeapMem_Module_GateProxy_Handle__label__S__mangled__     
UNDEFED   ti_sysbios_heaps_HeapMem_Module_GateProxy_Object__delete__S__mangled__    
UNDEFED   ti_sysbios_heaps_HeapMem_Module_GateProxy_Params__init__S__mangled__      
UNDEFED   ti_sysbios_heaps_HeapMem_Module_GateProxy_query__E__mangled__             
UNDEFED   ti_sysbios_knl_Clock_TimerProxy_Module__startupDone__S__mangled__         
UNDEFED   ti_sysbios_knl_Clock_TimerProxy_startup__E__mangled__                     
UNDEFED   ti_sysbios_knl_Task_SupportProxy_Module__startupDone__S__mangled__        
UNDEFED   ti_sysbios_knl_Task_SupportProxy_getStackAlignment__E__mangled__          
UNDEFED   ti_sysbios_knl_Task_SupportProxy_start__E__mangled__                      
UNDEFED   ti_sysbios_knl_Task_SupportProxy_swap__E__mangled__                       
UNDEFED   xdc_runtime_Main_Module_GateProxy_Handle__label__S                        
UNDEFED   xdc_runtime_Main_Module_GateProxy_Object__delete__S                       
UNDEFED   xdc_runtime_Main_Module_GateProxy_query__E                                
UNDEFED   xdc_runtime_System_Module_GateProxy_Handle__label__S__mangled__           
UNDEFED   xdc_runtime_System_Module_GateProxy_Object__delete__S__mangled__          
UNDEFED   xdc_runtime_System_Module_GateProxy_query__E__mangled__                   
UNDEFED   xdc_runtime_Timestamp_SupportProxy_get64__E__mangled__                    
UNDEFED   xdc_runtime_Timestamp_SupportProxy_getFreq__E__mangled__                  
UNDEFED   xdc_runtime_Timestamp_get32__E__mangled__                                 
UNDEFED   xdc_runtime_Timestamp_get64__E__mangled__                                 
UNDEFED   xdc_runtime_Timestamp_getFreq__E__mangled__                               

[803 symbols]
